Component: ARM Compiler 5.06 update 6 (build 750) Tool: armlink [4d35ed]

==============================================================================

Section Cross References

    startup_stm32f746xx.o(RESET) refers to startup_stm32f746xx.o(STACK) for __initial_sp
    startup_stm32f746xx.o(RESET) refers to startup_stm32f746xx.o(.text) for Reset_Handler
    startup_stm32f746xx.o(RESET) refers to stm32f7xx_it.o(i.NMI_Handler) for NMI_Handler
    startup_stm32f746xx.o(RESET) refers to stm32f7xx_it.o(i.HardFault_Handler) for HardFault_Handler
    startup_stm32f746xx.o(RESET) refers to stm32f7xx_it.o(i.MemManage_Handler) for MemManage_Handler
    startup_stm32f746xx.o(RESET) refers to stm32f7xx_it.o(i.BusFault_Handler) for BusFault_Handler
    startup_stm32f746xx.o(RESET) refers to stm32f7xx_it.o(i.UsageFault_Handler) for UsageFault_Handler
    startup_stm32f746xx.o(RESET) refers to stm32f7xx_it.o(i.SVC_Handler) for SVC_Handler
    startup_stm32f746xx.o(RESET) refers to stm32f7xx_it.o(i.DebugMon_Handler) for DebugMon_Handler
    startup_stm32f746xx.o(RESET) refers to stm32f7xx_it.o(i.PendSV_Handler) for PendSV_Handler
    startup_stm32f746xx.o(RESET) refers to stm32f7xx_it.o(i.SysTick_Handler) for SysTick_Handler
    startup_stm32f746xx.o(RESET) refers to stm32f7xx_it.o(i.ADC_IRQHandler) for ADC_IRQHandler
    startup_stm32f746xx.o(RESET) refers to stm32f7xx_it.o(i.TIM8_UP_TIM13_IRQHandler) for TIM8_UP_TIM13_IRQHandler
    startup_stm32f746xx.o(RESET) refers to stm32f7xx_it.o(i.TIM6_DAC_IRQHandler) for TIM6_DAC_IRQHandler
    startup_stm32f746xx.o(RESET) refers to stm32f7xx_it.o(i.TIM7_IRQHandler) for TIM7_IRQHandler
    startup_stm32f746xx.o(RESET) refers to stm32f7xx_it.o(i.UART7_IRQHandler) for UART7_IRQHandler
    startup_stm32f746xx.o(.text) refers to system_stm32f7xx.o(i.SystemInit) for SystemInit
    startup_stm32f746xx.o(.text) refers to entry.o(.ARM.Collect$$$$00000000) for __main
    fonts.o(.data) refers to fonts.o(.constdata) for Font7x10
    fonts.o(.data) refers to fonts.o(.constdata) for Font11x18
    fonts.o(.data) refers to fonts.o(.constdata) for Font16x26
    ssd1306.o(i.ssd1306_DrawPixel) refers to ssd1306.o(.data) for .data
    ssd1306.o(i.ssd1306_DrawPixel) refers to ssd1306.o(.bss) for .bss
    ssd1306.o(i.ssd1306_Fill) refers to ssd1306.o(.bss) for .bss
    ssd1306.o(i.ssd1306_Init) refers to stm32f7xx_hal.o(i.HAL_Delay) for HAL_Delay
    ssd1306.o(i.ssd1306_Init) refers to ssd1306.o(i.ssd1306_WriteCommand) for ssd1306_WriteCommand
    ssd1306.o(i.ssd1306_Init) refers to ssd1306.o(i.ssd1306_Fill) for ssd1306_Fill
    ssd1306.o(i.ssd1306_Init) refers to ssd1306.o(i.ssd1306_UpdateScreen) for ssd1306_UpdateScreen
    ssd1306.o(i.ssd1306_Init) refers to ssd1306.o(.data) for .data
    ssd1306.o(i.ssd1306_SetCursor) refers to ssd1306.o(.data) for .data
    ssd1306.o(i.ssd1306_UpdateScreen) refers to ssd1306.o(i.ssd1306_WriteCommand) for ssd1306_WriteCommand
    ssd1306.o(i.ssd1306_UpdateScreen) refers to stm32f7xx_hal_i2c.o(i.HAL_I2C_Mem_Write) for HAL_I2C_Mem_Write
    ssd1306.o(i.ssd1306_UpdateScreen) refers to ssd1306.o(.bss) for .bss
    ssd1306.o(i.ssd1306_UpdateScreen) refers to main.o(.bss) for hi2c2
    ssd1306.o(i.ssd1306_WriteChar) refers to ssd1306.o(i.ssd1306_DrawPixel) for ssd1306_DrawPixel
    ssd1306.o(i.ssd1306_WriteChar) refers to ssd1306.o(.data) for .data
    ssd1306.o(i.ssd1306_WriteCommand) refers to stm32f7xx_hal_i2c.o(i.HAL_I2C_Mem_Write) for HAL_I2C_Mem_Write
    ssd1306.o(i.ssd1306_WriteCommand) refers to main.o(.bss) for hi2c2
    ssd1306.o(i.ssd1306_WriteString) refers to ssd1306.o(i.ssd1306_WriteChar) for ssd1306_WriteChar
    main.o(i.HAL_TIM_PeriodElapsedCallback) refers to main.o(i.Filter_Encoder_Data) for Filter_Encoder_Data
    main.o(i.HAL_TIM_PeriodElapsedCallback) refers to main.o(i.PID) for PID
    main.o(i.HAL_TIM_PeriodElapsedCallback) refers to main.o(.bss) for .bss
    main.o(i.HAL_TIM_PeriodElapsedCallback) refers to main.o(.data) for .data
    main.o(i.MX_ADC3_Init) refers to stm32f7xx_hal_adc.o(i.HAL_ADC_Init) for HAL_ADC_Init
    main.o(i.MX_ADC3_Init) refers to stm32f7xx_hal_adc.o(i.HAL_ADC_ConfigChannel) for HAL_ADC_ConfigChannel
    main.o(i.MX_ADC3_Init) refers to main.o(.bss) for .bss
    main.o(i.MX_GPIO_Init) refers to stm32f7xx_hal_gpio.o(i.HAL_GPIO_WritePin) for HAL_GPIO_WritePin
    main.o(i.MX_GPIO_Init) refers to stm32f7xx_hal_gpio.o(i.HAL_GPIO_Init) for HAL_GPIO_Init
    main.o(i.MX_I2C2_Init) refers to stm32f7xx_hal_i2c.o(i.HAL_I2C_Init) for HAL_I2C_Init
    main.o(i.MX_I2C2_Init) refers to stm32f7xx_hal_i2c_ex.o(i.HAL_I2CEx_ConfigAnalogFilter) for HAL_I2CEx_ConfigAnalogFilter
    main.o(i.MX_I2C2_Init) refers to stm32f7xx_hal_i2c_ex.o(i.HAL_I2CEx_ConfigDigitalFilter) for HAL_I2CEx_ConfigDigitalFilter
    main.o(i.MX_I2C2_Init) refers to main.o(.bss) for .bss
    main.o(i.MX_SPI1_Init) refers to stm32f7xx_hal_spi.o(i.HAL_SPI_Init) for HAL_SPI_Init
[...]
    ../clib/microlib/stubs.s                 0x00000000   Number         0  iusesemip.o ABSOLUTE
    ../clib/microlib/stubs.s                 0x00000000   Number         0  iusefp.o ABSOLUTE
    ../fplib/microlib/d2f.c                  0x00000000   Number         0  d2f.o ABSOLUTE
    ../fplib/microlib/f2d.c                  0x00000000   Number         0  f2d.o ABSOLUTE
    ../fplib/microlib/fpadd.c                0x00000000   Number         0  dadd.o ABSOLUTE
    ../fplib/microlib/fpdiv.c                0x00000000   Number         0  ddiv.o ABSOLUTE
    ../fplib/microlib/fpepilogue.c           0x00000000   Number         0  fepilogue.o ABSOLUTE
    ../fplib/microlib/fpepilogue.c           0x00000000   Number         0  depilogue.o ABSOLUTE
    ../fplib/microlib/fpfix.c                0x00000000   Number         0  dfixul.o ABSOLUTE
    ../fplib/microlib/fpmul.c                0x00000000   Number         0  dmul.o ABSOLUTE
    ..\Drivers\STM32F7xx_HAL_Driver\Src\stm32f7xx_hal.c 0x00000000   Number         0  stm32f7xx_hal.o ABSOLUTE
    ..\Drivers\STM32F7xx_HAL_Driver\Src\stm32f7xx_hal_adc.c 0x00000000   Number         0  stm32f7xx_hal_adc.o ABSOLUTE
    ..\Drivers\STM32F7xx_HAL_Driver\Src\stm32f7xx_hal_adc_ex.c 0x00000000   Number         0  stm32f7xx_hal_adc_ex.o ABSOLUTE
    ..\Drivers\STM32F7xx_HAL_Driver\Src\stm32f7xx_hal_cortex.c 0x00000000   Number         0  stm32f7xx_hal_cortex.o ABSOLUTE
    ..\Drivers\STM32F7xx_HAL_Driver\Src\stm32f7xx_hal_dma.c 0x00000000   Number         0  stm32f7xx_hal_dma.o ABSOLUTE
    ..\Drivers\STM32F7xx_HAL_Driver\Src\stm32f7xx_hal_dma_ex.c 0x00000000   Number         0  stm32f7xx_hal_dma_ex.o ABSOLUTE
    ..\Drivers\STM32F7xx_HAL_Driver\Src\stm32f7xx_hal_flash.c 0x00000000   Number         0  stm32f7xx_hal_flash.o ABSOLUTE
    ..\Drivers\STM32F7xx_HAL_Driver\Src\stm32f7xx_hal_flash_ex.c 0x00000000   Number         0  stm32f7xx_hal_flash_ex.o ABSOLUTE
    ..\Drivers\STM32F7xx_HAL_Driver\Src\stm32f7xx_hal_gpio.c 0x00000000   Number         0  stm32f7xx_hal_gpio.o ABSOLUTE
    ..\Drivers\STM32F7xx_HAL_Driver\Src\stm32f7xx_hal_i2c.c 0x00000000   Number         0  stm32f7xx_hal_i2c.o ABSOLUTE
    ..\Drivers\STM32F7xx_HAL_Driver\Src\stm32f7xx_hal_i2c_ex.c 0x00000000   Number         0  stm32f7xx_hal_i2c_ex.o ABSOLUTE
    ..\Drivers\STM32F7xx_HAL_Driver\Src\stm32f7xx_hal_pwr.c 0x00000000   Number         0  stm32f7xx_hal_pwr.o ABSOLUTE
    ..\Drivers\STM32F7xx_HAL_Driver\Src\stm32f7xx_hal_pwr_ex.c 0x00000000   Number         0  stm32f7xx_hal_pwr_ex.o ABSOLUTE
    ..\Drivers\STM32F7xx_HAL_Driver\Src\stm32f7xx_hal_rcc.c 0x00000000   Number         0  stm32f7xx_hal_rcc.o ABSOLUTE
    ..\Drivers\STM32F7xx_HAL_Driver\Src\stm32f7xx_hal_rcc_ex.c 0x00000000   Number         0  stm32f7xx_hal_rcc_ex.o ABSOLUTE
    ..\Drivers\STM32F7xx_HAL_Driver\Src\stm32f7xx_hal_spi.c 0x00000000   Number         0  stm32f7xx_hal_spi.o ABSOLUTE
    ..\Drivers\STM32F7xx_HAL_Driver\Src\stm32f7xx_hal_tim.c 0x00000000   Number         0  stm32f7xx_hal_tim.o ABSOLUTE
    ..\Drivers\STM32F7xx_HAL_Driver\Src\stm32f7xx_hal_tim_ex.c 0x00000000   Number         0  stm32f7xx_hal_tim_ex.o ABSOLUTE
    ..\Drivers\STM32F7xx_HAL_Driver\Src\stm32f7xx_hal_uart.c 0x00000000   Number         0  stm32f7xx_hal_uart.o ABSOLUTE
    ..\Src\fonts.c                           0x00000000   Number         0  fonts.o ABSOLUTE
    ..\Src\main.c                            0x00000000   Number         0  main.o ABSOLUTE
    ..\Src\ssd1306.c                         0x00000000   Number         0  ssd1306.o ABSOLUTE
    ..\Src\stm32f7xx_hal_msp.c               0x00000000   Number         0  stm32f7xx_hal_msp.o ABSOLUTE
    ..\Src\stm32f7xx_it.c                    0x00000000   Number         0  stm32f7xx_it.o ABSOLUTE
    ..\\Src\\fonts.c                         0x00000000   Number         0  fonts.o ABSOLUTE
    ..\\Src\\ssd1306.c                       0x00000000   Number         0  ssd1306.o ABSOLUTE
    ..\\Src\system_stm32f7xx.c               0x00000000   Number         0  system_stm32f7xx.o ABSOLUTE
    cdrcmple.s                               0x00000000   Number         0  cdrcmple.o ABSOLUTE
    dc.s                                     0x00000000   Number         0  dc.o ABSOLUTE
    handlers.s                               0x00000000   Number         0  handlers.o ABSOLUTE
    init.s                                   0x00000000   Number         0  init.o ABSOLUTE
    startup_stm32f746xx.s                    0x00000000   Number         0  startup_stm32f746xx.o ABSOLUTE
    RESET                                    0x08000000   Section      456  startup_stm32f746xx.o(RESET)
    .ARM.Collect$$$$00000000                 0x080001c8   Section        0  entry.o(.ARM.Collect$$$$00000000)
    .ARM.Collect$$$$00000001                 0x080001c8   Section        4  entry2.o(.ARM.Collect$$$$00000001)
    .ARM.Collect$$$$00000004                 0x080001cc   Section        4  entry5.o(.ARM.Collect$$$$00000004)
    .ARM.Collect$$$$00000008                 0x080001d0   Section        0  entry7b.o(.ARM.Collect$$$$00000008)
    .ARM.Collect$$$$0000000A                 0x080001d0   Section        0  entry8b.o(.ARM.Collect$$$$0000000A)
    .ARM.Collect$$$$0000000B                 0x080001d0   Section        8  entry9a.o(.ARM.Collect$$$$0000000B)
    .ARM.Collect$$$$0000000D                 0x080001d8   Section        0  entry10a.o(.ARM.Collect$$$$0000000D)
    .ARM.Collect$$$$0000000F                 0x080001d8   Section        0  entry11a.o(.ARM.Collect$$$$0000000F)
    .ARM.Collect$$$$00002712                 0x080001d8   Section        4  entry2.o(.ARM.Collect$$$$00002712)
    __lit__00000000                          0x080001d8   Data           4  entry2.o(.ARM.Collect$$$$00002712)
    .text                                    0x080001dc   Section       36  startup_stm32f746xx.o(.text)
    $v0                                      0x080001dc   Number         0  startup_stm32f746xx.o(.text)
    .text                                    0x08000200   Section        0  uldiv.o(.text)
    .text                                    0x08000262   Section        0  dadd.o(.text)
    .text                                    0x080003b0   Section        0  dmul.o(.text)
    .text                                    0x08000494   Section        0  f2d.o(.text)
    .text                                    0x080004ba   Section        0  d2f.o(.text)
    .text                                    0x080004f2   Section        0  llshl.o(.text)
    .text                                    0x08000510   Section        0  llushr.o(.text)
    .text                                    0x08000530   Section        0  llsshr.o(.text)
    .text                                    0x08000554   Section        0  fepilogue.o(.text)
    .text                                    0x08000554   Section        0  iusefp.o(.text)
    .text                                    0x080005c2   Section        0  depilogue.o(.text)
    .text                                    0x0800067c   Section       36  init.o(.text)
    i.ADC_IRQHandler                         0x080006a0   Section        0  stm32f7xx_it.o(i.ADC_IRQHandler)
    i.ADC_Init                               0x080006ac   Section        0  stm32f7xx_hal_adc.o(i.ADC_Init)
    ADC_Init                                 0x080006ad   Thumb Code   294  stm32f7xx_hal_adc.o(i.ADC_Init)
    i.BusFault_Handler                       0x080007e0   Section        0  stm32f7xx_it.o(i.BusFault_Handler)
    i.DebugMon_Handler                       0x080007e2   Section        0  stm32f7xx_it.o(i.DebugMon_Handler)
    i.Filter_Encoder_Data                    0x080007e4   Section        0  main.o(i.Filter_Encoder_Data)
    i.HAL_ADCEx_InjectedConvCpltCallback     0x080007fa   Section        0  stm32f7xx_hal_adc_ex.o(i.HAL_ADCEx_InjectedConvCpltCallback)
    i.HAL_ADC_ConfigChannel                  0x080007fc   Section        0  stm32f7xx_hal_adc.o(i.HAL_ADC_ConfigChannel)
    i.HAL_ADC_ConvCpltCallback               0x08000960   Section        0  stm32f7xx_hal_adc.o(i.HAL_ADC_ConvCpltCallback)
    i.HAL_ADC_ErrorCallback                  0x08000962   Section        0  stm32f7xx_hal_adc.o(i.HAL_ADC_ErrorCallback)
    i.HAL_ADC_IRQHandler                     0x08000964   Section        0  stm32f7xx_hal_adc.o(i.HAL_ADC_IRQHandler)
    i.HAL_ADC_Init                           0x08000aa0   Section        0  stm32f7xx_hal_adc.o(i.HAL_ADC_Init)
    i.HAL_ADC_LevelOutOfWindowCallback       0x08000af4   Section        0  stm32f7xx_hal_adc.o(i.HAL_ADC_LevelOutOfWindowCallback)
    i.HAL_ADC_MspInit                        0x08000af8   Section        0  stm32f7xx_hal_msp.o(i.HAL_ADC_MspInit)
    i.HAL_DMA_Abort_IT                       0x08000b48   Section        0  stm32f7xx_hal_dma.o(i.HAL_DMA_Abort_IT)
    i.HAL_Delay                              0x08000b6c   Section        0  stm32f7xx_hal.o(i.HAL_Delay)
    i.HAL_GPIO_Init                          0x08000b90   Section        0  stm32f7xx_hal_gpio.o(i.HAL_GPIO_Init)
    i.HAL_GPIO_TogglePin                     0x08000d68   Section        0  stm32f7xx_hal_gpio.o(i.HAL_GPIO_TogglePin)
    i.HAL_GPIO_WritePin                      0x08000d70   Section        0  stm32f7xx_hal_gpio.o(i.HAL_GPIO_WritePin)
    i.HAL_GetTick                            0x08000d7c   Section        0  stm32f7xx_hal.o(i.HAL_GetTick)
    i.HAL_I2CEx_ConfigAnalogFilter           0x08000d88   Section        0  stm32f7xx_hal_i2c_ex.o(i.HAL_I2CEx_ConfigAnalogFilter)
    i.HAL_I2CEx_ConfigDigitalFilter          0x08000de0   Section        0  stm32f7xx_hal_i2c_ex.o(i.HAL_I2CEx_ConfigDigitalFilter)
    i.HAL_I2C_Init                           0x08000e34   Section        0  stm32f7xx_hal_i2c.o(i.HAL_I2C_Init)
    i.HAL_I2C_Mem_Write                      0x08000eec   Section        0  stm32f7xx_hal_i2c.o(i.HAL_I2C_Mem_Write)
    i.HAL_I2C_MspInit                        0x08001054   Section        0  stm32f7xx_hal_msp.o(i.HAL_I2C_MspInit)
    i.HAL_IncTick                            0x0800109c   Section        0  stm32f7xx_hal.o(i.HAL_IncTick)
    i.HAL_Init                               0x080010ac   Section        0  stm32f7xx_hal.o(i.HAL_Init)
    i.HAL_InitTick                           0x080010c4   Section        0  stm32f7xx_hal.o(i.HAL_InitTick)
    i.HAL_MspInit                            0x08001104   Section        0  stm32f7xx_hal_msp.o(i.HAL_MspInit)
    i.HAL_NVIC_EnableIRQ                     0x08001188   Section        0  stm32f7xx_hal_cortex.o(i.HAL_NVIC_EnableIRQ)
    i.HAL_NVIC_SetPriority                   0x080011a0   Section        0  stm32f7xx_hal_cortex.o(i.HAL_NVIC_SetPriority)
    i.HAL_NVIC_SetPriorityGrouping           0x080011e0   Section        0  stm32f7xx_hal_cortex.o(i.HAL_NVIC_SetPriorityGrouping)
    i.HAL_PWREx_EnableOverDrive              0x08001204   Section        0  stm32f7xx_hal_pwr_ex.o(i.HAL_PWREx_EnableOverDrive)
    i.HAL_RCCEx_PeriphCLKConfig              0x08001270   Section        0  stm32f7xx_hal_rcc_ex.o(i.HAL_RCCEx_PeriphCLKConfig)
    i.HAL_RCC_ClockConfig                    0x0800176c   Section        0  stm32f7xx_hal_rcc.o(i.HAL_RCC_ClockConfig)
    i.HAL_RCC_GetHCLKFreq                    0x08001898   Section        0  stm32f7xx_hal_rcc.o(i.HAL_RCC_GetHCLKFreq)
    i.HAL_RCC_GetPCLK1Freq                   0x080018a4   Section        0  stm32f7xx_hal_rcc.o(i.HAL_RCC_GetPCLK1Freq)
    i.HAL_RCC_GetPCLK2Freq                   0x080018c4   Section        0  stm32f7xx_hal_rcc.o(i.HAL_RCC_GetPCLK2Freq)
    i.HAL_RCC_GetSysClockFreq                0x080018e4   Section        0  stm32f7xx_hal_rcc.o(i.HAL_RCC_GetSysClockFreq)
    i.HAL_RCC_OscConfig                      0x08001944   Section        0  stm32f7xx_hal_rcc.o(i.HAL_RCC_OscConfig)
    i.HAL_SPI_Init                           0x08001c7c   Section        0  stm32f7xx_hal_spi.o(i.HAL_SPI_Init)
    i.HAL_SPI_MspInit                        0x08001d40   Section        0  stm32f7xx_hal_msp.o(i.HAL_SPI_MspInit)
    i.HAL_SYSTICK_CLKSourceConfig            0x08001dbc   Section        0  stm32f7xx_hal_cortex.o(i.HAL_SYSTICK_CLKSourceConfig)
    i.HAL_SYSTICK_Callback                   0x08001dd4   Section        0  stm32f7xx_hal_cortex.o(i.HAL_SYSTICK_Callback)
    i.HAL_SYSTICK_Config                     0x08001dd6   Section        0  stm32f7xx_hal_cortex.o(i.HAL_SYSTICK_Config)
    i.HAL_SYSTICK_IRQHandler                 0x08001dfc   Section        0  stm32f7xx_hal_cortex.o(i.HAL_SYSTICK_IRQHandler)
    i.HAL_TIMEx_BreakCallback                0x08001e04   Section        0  stm32f7xx_hal_tim_ex.o(i.HAL_TIMEx_BreakCallback)
    i.HAL_TIMEx_CommutationCallback          0x08001e06   Section        0  stm32f7xx_hal_tim_ex.o(i.HAL_TIMEx_CommutationCallback)
    i.HAL_TIMEx_MasterConfigSynchronization  0x08001e08   Section        0  stm32f7xx_hal_tim_ex.o(i.HAL_TIMEx_MasterConfigSynchronization)
    i.HAL_TIM_Base_Init                      0x08001e60   Section        0  stm32f7xx_hal_tim.o(i.HAL_TIM_Base_Init)
    i.HAL_TIM_Base_MspInit                   0x08001e98   Section        0  stm32f7xx_hal_msp.o(i.HAL_TIM_Base_MspInit)
    i.HAL_TIM_Base_Start_IT                  0x08001fa8   Section        0  stm32f7xx_hal_tim.o(i.HAL_TIM_Base_Start_IT)
    i.HAL_TIM_ConfigClockSource              0x08001fc0   Section        0  stm32f7xx_hal_tim.o(i.HAL_TIM_ConfigClockSource)
    i.HAL_TIM_Encoder_Init                   0x080020bc   Section        0  stm32f7xx_hal_tim.o(i.HAL_TIM_Encoder_Init)
    i.HAL_TIM_Encoder_MspInit                0x08002164   Section        0  stm32f7xx_hal_msp.o(i.HAL_TIM_Encoder_MspInit)
    i.HAL_TIM_Encoder_Start                  0x080021ac   Section        0  stm32f7xx_hal_tim.o(i.HAL_TIM_Encoder_Start)
    i.HAL_TIM_IC_CaptureCallback             0x080021e0   Section        0  stm32f7xx_hal_tim.o(i.HAL_TIM_IC_CaptureCallback)
    i.HAL_TIM_IC_ConfigChannel               0x080021e2   Section        0  stm32f7xx_hal_tim.o(i.HAL_TIM_IC_ConfigChannel)
    i.HAL_TIM_IC_Init                        0x08002302   Section        0  stm32f7xx_hal_tim.o(i.HAL_TIM_IC_Init)
    i.HAL_TIM_IC_MspInit                     0x08002338   Section        0  stm32f7xx_hal_msp.o(i.HAL_TIM_IC_MspInit)
    i.HAL_TIM_IRQHandler                     0x080023f8   Section        0  stm32f7xx_hal_tim.o(i.HAL_TIM_IRQHandler)
    i.HAL_TIM_MspPostInit                    0x08002578   Section        0  stm32f7xx_hal_msp.o(i.HAL_TIM_MspPostInit)
    i.HAL_TIM_OC_DelayElapsedCallback        0x0800263c   Section        0  stm32f7xx_hal_tim.o(i.HAL_TIM_OC_DelayElapsedCallback)
    i.HAL_TIM_OnePulse_Init                  0x0800263e   Section        0  stm32f7xx_hal_tim.o(i.HAL_TIM_OnePulse_Init)
    i.HAL_TIM_OnePulse_MspInit               0x08002688   Section        0  stm32f7xx_hal_tim.o(i.HAL_TIM_OnePulse_MspInit)
    i.HAL_TIM_PWM_ConfigChannel              0x0800268a   Section        0  stm32f7xx_hal_tim_ex.o(i.HAL_TIM_PWM_ConfigChannel)
    i.HAL_TIM_PWM_Init                       0x080027b2   Section        0  stm32f7xx_hal_tim.o(i.HAL_TIM_PWM_Init)
    i.HAL_TIM_PWM_MspInit                    0x080027e8   Section        0  stm32f7xx_hal_msp.o(i.HAL_TIM_PWM_MspInit)
    i.HAL_TIM_PWM_PulseFinishedCallback      0x08002824   Section        0  stm32f7xx_hal_tim.o(i.HAL_TIM_PWM_PulseFinishedCallback)
    i.HAL_TIM_PWM_Start                      0x08002828   Section        0  stm32f7xx_hal_tim.o(i.HAL_TIM_PWM_Start)
    i.HAL_TIM_PeriodElapsedCallback          0x08002860   Section        0  main.o(i.HAL_TIM_PeriodElapsedCallback)
    i.HAL_TIM_TriggerCallback                0x0800294c   Section        0  stm32f7xx_hal_tim.o(i.HAL_TIM_TriggerCallback)
    i.HAL_UART_ErrorCallback                 0x0800294e   Section        0  stm32f7xx_hal_uart.o(i.HAL_UART_ErrorCallback)
    i.HAL_UART_IRQHandler                    0x08002950   Section        0  stm32f7xx_hal_uart.o(i.HAL_UART_IRQHandler)
    i.HAL_UART_Init                          0x08002ac8   Section        0  stm32f7xx_hal_uart.o(i.HAL_UART_Init)
    i.HAL_UART_MspInit                       0x08002b34   Section        0  stm32f7xx_hal_msp.o(i.HAL_UART_MspInit)
    i.HAL_UART_RxCpltCallback                0x08002b8c   Section        0  stm32f7xx_hal_uart.o(i.HAL_UART_RxCpltCallback)
    i.HAL_UART_TxCpltCallback                0x08002b8e   Section        0  stm32f7xx_hal_uart.o(i.HAL_UART_TxCpltCallback)
    i.HardFault_Handler                      0x08002b90   Section        0  stm32f7xx_it.o(i.HardFault_Handler)
    i.I2C_Flush_TXDR                         0x08002b92   Section        0  stm32f7xx_hal_i2c.o(i.I2C_Flush_TXDR)
    I2C_Flush_TXDR                           0x08002b93   Thumb Code    34  stm32f7xx_hal_i2c.o(i.I2C_Flush_TXDR)
    i.I2C_IsAcknowledgeFailed                0x08002bb4   Section        0  stm32f7xx_hal_i2c.o(i.I2C_IsAcknowledgeFailed)
    I2C_IsAcknowledgeFailed                  0x08002bb5   Thumb Code   120  stm32f7xx_hal_i2c.o(i.I2C_IsAcknowledgeFailed)
    i.I2C_RequestMemoryWrite                 0x08002c30   Section        0  stm32f7xx_hal_i2c.o(i.I2C_RequestMemoryWrite)
    I2C_RequestMemoryWrite                   0x08002c31   Thumb Code   108  stm32f7xx_hal_i2c.o(i.I2C_RequestMemoryWrite)
    i.I2C_TransferConfig                     0x08002ca0   Section        0  stm32f7xx_hal_i2c.o(i.I2C_TransferConfig)
    I2C_TransferConfig                       0x08002ca1   Thumb Code    40  stm32f7xx_hal_i2c.o(i.I2C_TransferConfig)
    i.I2C_WaitOnFlagUntilTimeout             0x08002ccc   Section        0  stm32f7xx_hal_i2c.o(i.I2C_WaitOnFlagUntilTimeout)
    I2C_WaitOnFlagUntilTimeout               0x08002ccd   Thumb Code    82  stm32f7xx_hal_i2c.o(i.I2C_WaitOnFlagUntilTimeout)
    i.I2C_WaitOnSTOPFlagUntilTimeout         0x08002d1e   Section        0  stm32f7xx_hal_i2c.o(i.I2C_WaitOnSTOPFlagUntilTimeout)
    I2C_WaitOnSTOPFlagUntilTimeout           0x08002d1f   Thumb Code    80  stm32f7xx_hal_i2c.o(i.I2C_WaitOnSTOPFlagUntilTimeout)
    i.I2C_WaitOnTXISFlagUntilTimeout         0x08002d6e   Section        0  stm32f7xx_hal_i2c.o(i.I2C_WaitOnTXISFlagUntilTimeout)
    I2C_WaitOnTXISFlagUntilTimeout           0x08002d6f   Thumb Code    84  stm32f7xx_hal_i2c.o(i.I2C_WaitOnTXISFlagUntilTimeout)
    i.MX_ADC3_Init                           0x08002dc4   Section        0  main.o(i.MX_ADC3_Init)
    MX_ADC3_Init                             0x08002dc5   Thumb Code    74  main.o(i.MX_ADC3_Init)
    i.MX_GPIO_Init                           0x08002e1c   Section        0  main.o(i.MX_GPIO_Init)
    MX_GPIO_Init                             0x08002e1d   Thumb Code   482  main.o(i.MX_GPIO_Init)
    i.MX_I2C2_Init                           0x08003024   Section        0  main.o(i.MX_I2C2_Init)
    MX_I2C2_Init                             0x08003025   Thumb Code    66  main.o(i.MX_I2C2_Init)
    i.MX_SPI1_Init                           0x08003074   Section        0  main.o(i.MX_SPI1_Init)
    MX_SPI1_Init                             0x08003075   Thumb Code    64  main.o(i.MX_SPI1_Init)
    i.MX_SPI4_Init                           0x080030bc   Section        0  main.o(i.MX_SPI4_Init)
    MX_SPI4_Init                             0x080030bd   Thumb Code    64  main.o(i.MX_SPI4_Init)
    i.MX_TIM10_Init                          0x08003104   Section        0  main.o(i.MX_TIM10_Init)
    MX_TIM10_Init                            0x08003105   Thumb Code    94  main.o(i.MX_TIM10_Init)
    i.MX_TIM11_Init                          0x0800316c   Section        0  main.o(i.MX_TIM11_Init)
    MX_TIM11_Init                            0x0800316d   Thumb Code    92  main.o(i.MX_TIM11_Init)
    i.MX_TIM12_Init                          0x080031d0   Section        0  main.o(i.MX_TIM12_Init)
    MX_TIM12_Init                            0x080031d1   Thumb Code   110  main.o(i.MX_TIM12_Init)
    i.MX_TIM14_Init                          0x08003248   Section        0  main.o(i.MX_TIM14_Init)
    MX_TIM14_Init                            0x08003249   Thumb Code    82  main.o(i.MX_TIM14_Init)
    i.MX_TIM1_Init                           0x080032a4   Section        0  main.o(i.MX_TIM1_Init)
    MX_TIM1_Init                             0x080032a5   Thumb Code   110  main.o(i.MX_TIM1_Init)
    i.MX_TIM2_Init                           0x0800331c   Section        0  main.o(i.MX_TIM2_Init)
    MX_TIM2_Init                             0x0800331d   Thumb Code    86  main.o(i.MX_TIM2_Init)
    i.MX_TIM3_Init                           0x08003378   Section        0  main.o(i.MX_TIM3_Init)
    MX_TIM3_Init                             0x08003379   Thumb Code    86  main.o(i.MX_TIM3_Init)
    i.MX_TIM4_Init                           0x080033d8   Section        0  main.o(i.MX_TIM4_Init)
    MX_TIM4_Init                             0x080033d9   Thumb Code    82  main.o(i.MX_TIM4_Init)
    i.MX_TIM5_Init                           0x08003434   Section        0  main.o(i.MX_TIM5_Init)
    MX_TIM5_Init                             0x08003435   Thumb Code   106  main.o(i.MX_TIM5_Init)
    i.MX_TIM6_Init                           0x080034a8   Section        0  main.o(i.MX_TIM6_Init)
    MX_TIM6_Init                             0x080034a9   Thumb Code    52  main.o(i.MX_TIM6_Init)
    i.MX_TIM7_Init                           0x080034e4   Section        0  main.o(i.MX_TIM7_Init)
    MX_TIM7_Init                             0x080034e5   Thumb Code    52  main.o(i.MX_TIM7_Init)
    i.MX_TIM8_Init                           0x08003520   Section        0  main.o(i.MX_TIM8_Init)
    MX_TIM8_Init                             0x08003521   Thumb Code   110  main.o(i.MX_TIM8_Init)
    i.MX_TIM9_Init                           0x08003598   Section        0  main.o(i.MX_TIM9_Init)
    MX_TIM9_Init                             0x08003599   Thumb Code   116  main.o(i.MX_TIM9_Init)
    i.MX_UART7_Init                          0x08003614   Section        0  main.o(i.MX_UART7_Init)
    MX_UART7_Init                            0x08003615   Thumb Code    46  main.o(i.MX_UART7_Init)
    i.MemManage_Handler                      0x0800364c   Section        0  stm32f7xx_it.o(i.MemManage_Handler)
    i.NMI_Handler                            0x0800364e   Section        0  stm32f7xx_it.o(i.NMI_Handler)
    i.NVIC_SetPriority                       0x08003650   Section        0  stm32f7xx_hal_cortex.o(i.NVIC_SetPriority)
    NVIC_SetPriority                         0x08003651   Thumb Code    34  stm32f7xx_hal_cortex.o(i.NVIC_SetPriority)
    i.PID                                    0x08003674   Section        0  main.o(i.PID)
    i.PendSV_Handler                         0x08003754   Section        0  stm32f7xx_it.o(i.PendSV_Handler)
    i.SVC_Handler                            0x08003756   Section        0  stm32f7xx_it.o(i.SVC_Handler)
    i.Set_PWM                                0x08003758   Section        0  main.o(i.Set_PWM)
    i.SysTick_Handler                        0x08003784   Section        0  stm32f7xx_it.o(i.SysTick_Handler)
    i.SystemClock_Config                     0x08003794   Section        0  main.o(i.SystemClock_Config)
    i.SystemInit                             0x0800384c   Section        0  system_stm32f7xx.o(i.SystemInit)
    i.TIM6_DAC_IRQHandler                    0x080038a0   Section        0  stm32f7xx_it.o(i.TIM6_DAC_IRQHandler)
    i.TIM7_IRQHandler                        0x080038ac   Section        0  stm32f7xx_it.o(i.TIM7_IRQHandler)
    i.TIM8_UP_TIM13_IRQHandler               0x080038b8   Section        0  stm32f7xx_it.o(i.TIM8_UP_TIM13_IRQHandler)
    i.TIM_Base_SetConfig                     0x080038d4   Section        0  stm32f7xx_hal_tim.o(i.TIM_Base_SetConfig)
    i.TIM_CCxChannelCmd                      0x080039a0   Section        0  stm32f7xx_hal_tim.o(i.TIM_CCxChannelCmd)
    i.TIM_ETR_SetConfig                      0x080039b6   Section        0  stm32f7xx_hal_tim.o(i.TIM_ETR_SetConfig)
    i.TIM_ITRx_SetConfig                     0x080039c8   Section        0  stm32f7xx_hal_tim.o(i.TIM_ITRx_SetConfig)
    TIM_ITRx_SetConfig                       0x080039c9   Thumb Code    16  stm32f7xx_hal_tim.o(i.TIM_ITRx_SetConfig)
    i.TIM_OC1_SetConfig                      0x080039d8   Section        0  stm32f7xx_hal_tim.o(i.TIM_OC1_SetConfig)
    i.TIM_OC2_SetConfig                      0x08003a40   Section        0  stm32f7xx_hal_tim.o(i.TIM_OC2_SetConfig)
    i.TIM_OC3_SetConfig                      0x08003aac   Section        0  stm32f7xx_hal_tim.o(i.TIM_OC3_SetConfig)
    i.TIM_OC4_SetConfig                      0x08003b18   Section        0  stm32f7xx_hal_tim.o(i.TIM_OC4_SetConfig)
    i.TIM_OC5_SetConfig                      0x08003b70   Section        0  stm32f7xx_hal_tim_ex.o(i.TIM_OC5_SetConfig)
    TIM_OC5_SetConfig                        0x08003b71   Thumb Code    74  stm32f7xx_hal_tim_ex.o(i.TIM_OC5_SetConfig)
    i.TIM_OC6_SetConfig                      0x08003bc8   Section        0  stm32f7xx_hal_tim_ex.o(i.TIM_OC6_SetConfig)
    TIM_OC6_SetConfig                        0x08003bc9   Thumb Code    74  stm32f7xx_hal_tim_ex.o(i.TIM_OC6_SetConfig)
    i.TIM_TI1_ConfigInputStage               0x08003c20   Section        0  stm32f7xx_hal_tim.o(i.TIM_TI1_ConfigInputStage)
    TIM_TI1_ConfigInputStage                 0x08003c21   Thumb Code    34  stm32f7xx_hal_tim.o(i.TIM_TI1_ConfigInputStage)
    i.TIM_TI1_SetConfig                      0x08003c44   Section        0  stm32f7xx_hal_tim.o(i.TIM_TI1_SetConfig)
    i.TIM_TI2_ConfigInputStage               0x08003cc4   Section        0  stm32f7xx_hal_tim.o(i.TIM_TI2_ConfigInputStage)
    TIM_TI2_ConfigInputStage                 0x08003cc5   Thumb Code    36  stm32f7xx_hal_tim.o(i.TIM_TI2_ConfigInputStage)
    i.TIM_TI2_SetConfig                      0x08003ce8   Section        0  stm32f7xx_hal_tim.o(i.TIM_TI2_SetConfig)
    TIM_TI2_SetConfig                        0x08003ce9   Thumb Code    54  stm32f7xx_hal_tim.o(i.TIM_TI2_SetConfig)
    i.UART7_IRQHandler                       0x08003d20   Section        0  stm32f7xx_it.o(i.UART7_IRQHandler)
    i.UART_AdvFeatureConfig                  0x08003d2c   Section        0  stm32f7xx_hal_uart.o(i.UART_AdvFeatureConfig)
    i.UART_CheckIdleState                    0x08003df4   Section        0  stm32f7xx_hal_uart.o(i.UART_CheckIdleState)
    i.UART_DMAAbortOnError                   0x08003e34   Section        0  stm32f7xx_hal_uart.o(i.UART_DMAAbortOnError)
    UART_DMAAbortOnError                     0x08003e35   Thumb Code    20  stm32f7xx_hal_uart.o(i.UART_DMAAbortOnError)
    i.UART_EndRxTransfer                     0x08003e48   Section        0  stm32f7xx_hal_uart.o(i.UART_EndRxTransfer)
    UART_EndRxTransfer                       0x08003e49   Thumb Code    28  stm32f7xx_hal_uart.o(i.UART_EndRxTransfer)
    i.UART_Receive_IT                        0x08003e64   Section        0  stm32f7xx_hal_uart.o(i.UART_Receive_IT)
    UART_Receive_IT                          0x08003e65   Thumb Code   120  stm32f7xx_hal_uart.o(i.UART_Receive_IT)
    i.UART_SetConfig                         0x08003edc   Section        0  stm32f7xx_hal_uart.o(i.UART_SetConfig)
    i.UART_WaitOnFlagUntilTimeout            0x08004134   Section        0  stm32f7xx_hal_uart.o(i.UART_WaitOnFlagUntilTimeout)
    i.UsageFault_Handler                     0x08004198   Section        0  stm32f7xx_it.o(i.UsageFault_Handler)
    i.__scatterload_copy                     0x0800419a   Section       14  handlers.o(i.__scatterload_copy)
    i.__scatterload_null                     0x080041a8   Section        2  handlers.o(i.__scatterload_null)
    i.__scatterload_zeroinit                 0x080041aa   Section       14  handlers.o(i.__scatterload_zeroinit)
    i.main                                   0x080041b8   Section        0  main.o(i.main)
    i.ssd1306_DrawPixel                      0x080043e8   Section        0  ssd1306.o(i.ssd1306_DrawPixel)
    i.ssd1306_Fill                           0x08004428   Section        0  ssd1306.o(i.ssd1306_Fill)
    i.ssd1306_Init                           0x08004448   Section        0  ssd1306.o(i.ssd1306_Init)
    i.ssd1306_SetCursor                      0x08004518   Section        0  ssd1306.o(i.ssd1306_SetCursor)
    i.ssd1306_UpdateScreen                   0x08004524   Section        0  ssd1306.o(i.ssd1306_UpdateScreen)
    i.ssd1306_WriteChar                      0x08004570   Section        0  ssd1306.o(i.ssd1306_WriteChar)
    i.ssd1306_WriteCommand                   0x0800460c   Section        0  ssd1306.o(i.ssd1306_WriteCommand)
    ssd1306_WriteCommand                     0x0800460d   Thumb Code    30  ssd1306.o(i.ssd1306_WriteCommand)
    i.ssd1306_WriteString                    0x08004630   Section        0  ssd1306.o(i.ssd1306_WriteString)
    .constdata                               0x0800465c   Section     1900  fonts.o(.constdata)
    Font7x10                                 0x0800465c   Data        1900  fonts.o(.constdata)
    .constdata                               0x08004dc8   Section     3420  fonts.o(.constdata)
    Font11x18                                0x08004dc8   Data        3420  fonts.o(.constdata)
    .constdata                               0x08005b24   Section     4940  fonts.o(.constdata)
    Font16x26                                0x08005b24   Data        4940  fonts.o(.constdata)
    .constdata                               0x08006e70   Section       16  system_stm32f7xx.o(.constdata)
    .constdata                               0x08006e80   Section        8  system_stm32f7xx.o(.constdata)
    .data                                    0x20000000   Section        8  fonts.o(.data)
    .data                                    0x20000008   Section        8  fonts.o(.data)
    .data                                    0x20000010   Section        8  fonts.o(.data)
    .data                                    0x20000018   Section        6  ssd1306.o(.data)
    SSD1306                                  0x20000018   Data           6  ssd1306.o(.data)
    .data                                    0x20000020   Section       76  main.o(.data)
    .data                                    0x2000006c   Section       12  stm32f7xx_hal.o(.data)
    .data                                    0x20000078   Section        4  system_stm32f7xx.o(.data)
    .bss                                     0x2000007c   Section     1024  ssd1306.o(.bss)
    SSD1306_Buffer                           0x2000007c   Data        1024  ssd1306.o(.bss)
    .bss                                     0x2000047c   Section     1356  main.o(.bss)
    STACK                                    0x200009c8   Section     1024  startup_stm32f746xx.o(STACK)

    Global Symbols

    Symbol Name                              Value     Ov Type        Size  Object(Section)

    BuildAttributes$$THM_ISAv4$E$P$D$K$B$S$7EM$VFPi5$EXTD16$VFPS$VFMA$PE$PLD8$A:L22UL41UL21$X:L11$S22US41US21$IEEE1$IW$USESV6$~STKCKD$USESV7$~SHL$OTIME$ROPI$EBA8$MICROLIB$REQ8$PRES8$EABIv2 0x00000000   Number         0  anon$$obj.o ABSOLUTE
    __ARM_use_no_argv                        0x00000000   Number         0  main.o ABSOLUTE
    _printf_a                                0x00000000   Number         0  stubs.o ABSOLUTE
    _printf_c                                0x00000000   Number         0  stubs.o ABSOLUTE
    _printf_charcount                        0x00000000   Number         0  stubs.o ABSOLUTE
    _printf_d                                0x00000000   Number         0  stubs.o ABSOLUTE
    _printf_e                                0x00000000   Number         0  stubs.o ABSOLUTE
    _printf_f                                0x00000000   Number         0  stubs.o ABSOLUTE
    _printf_flags                            0x00000000   Number         0  stubs.o ABSOLUTE
    _printf_fp_dec                           0x00000000   Number         0  stubs.o ABSOLUTE
    _printf_fp_hex                           0x00000000   Number         0  stubs.o ABSOLUTE
    _printf_g                                0x00000000   Number         0  stubs.o ABSOLUTE
    _printf_i                                0x00000000   Number         0  stubs.o ABSOLUTE
    _printf_int_dec                          0x00000000   Number         0  stubs.o ABSOLUTE
    _printf_l                                0x00000000   Number         0  stubs.o ABSOLUTE
    _printf_lc                               0x00000000   Number         0  stubs.o ABSOLUTE
    _printf_ll                               0x00000000   Number         0  stubs.o ABSOLUTE
    _printf_lld                              0x00000000   Number         0  stubs.o ABSOLUTE
    _printf_lli                              0x00000000   Number         0  stubs.o ABSOLUTE
    _printf_llo                              0x00000000   Number         0  stubs.o ABSOLUTE
    _printf_llu                              0x00000000   Number         0  stubs.o ABSOLUTE
    _printf_llx                              0x00000000   Number         0  stubs.o ABSOLUTE
    _printf_longlong_dec                     0x00000000   Number         0  stubs.o ABSOLUTE
    _printf_longlong_hex                     0x00000000   Number         0  stubs.o ABSOLUTE
    _printf_longlong_oct                     0x00000000   Number         0  stubs.o ABSOLUTE
    _printf_ls                               0x00000000   Number         0  stubs.o ABSOLUTE
    _printf_mbtowc                           0x00000000   Number         0  stubs.o ABSOLUTE
    _printf_n                                0x00000000   Number         0  stubs.o ABSOLUTE
    _printf_o                                0x00000000   Number         0  stubs.o ABSOLUTE
    _printf_p                                0x00000000   Number         0  stubs.o ABSOLUTE
    _printf_percent                          0x00000000   Number         0  stubs.o ABSOLUTE
    _printf_pre_padding                      0x00000000   Number         0  stubs.o ABSOLUTE
    _printf_return_value                     0x00000000   Number         0  stubs.o ABSOLUTE
    _printf_s                                0x00000000   Number         0  stubs.o ABSOLUTE
    _printf_sizespec                         0x00000000   Number         0  stubs.o ABSOLUTE
    _printf_str                              0x00000000   Number         0  stubs.o ABSOLUTE
    _printf_truncate_signed                  0x00000000   Number         0  stubs.o ABSOLUTE
    _printf_truncate_unsigned                0x00000000   Number         0  stubs.o ABSOLUTE
    _printf_u                                0x00000000   Number         0  stubs.o ABSOLUTE
    _printf_wc                               0x00000000   Number         0  stubs.o ABSOLUTE
    _printf_wctomb                           0x00000000   Number         0  stubs.o ABSOLUTE
    _printf_widthprec                        0x00000000   Number         0  stubs.o ABSOLUTE
    _printf_x                                0x00000000   Number         0  stubs.o ABSOLUTE
    __cpp_initialize__aeabi_                  - Undefined Weak Reference
    __cxa_finalize                            - Undefined Weak Reference
    __decompress                              - Undefined Weak Reference
    _clock_init                               - Undefined Weak Reference
    _microlib_exit                            - Undefined Weak Reference
    __Vectors_Size                           0x000001c8   Number         0  startup_stm32f746xx.o ABSOLUTE
    __Vectors                                0x08000000   Data           4  startup_stm32f746xx.o(RESET)
    __Vectors_End                            0x080001c8   Data           0  startup_stm32f746xx.o(RESET)
    __main                                   0x080001c9   Thumb Code     0  entry.o(.ARM.Collect$$$$00000000)
    _main_stk                                0x080001c9   Thumb Code     0  entry2.o(.ARM.Collect$$$$00000001)
    _main_scatterload                        0x080001cd   Thumb Code     0  entry5.o(.ARM.Collect$$$$00000004)
    __main_after_scatterload                 0x080001d1   Thumb Code     0  entry5.o(.ARM.Collect$$$$00000004)
    _main_clock                              0x080001d1   Thumb Code     0  entry7b.o(.ARM.Collect$$$$00000008)
    _main_cpp_init                           0x080001d1   Thumb Code     0  entry8b.o(.ARM.Collect$$$$0000000A)
    _main_init                               0x080001d1   Thumb Code     0  entry9a.o(.ARM.Collect$$$$0000000B)
    __rt_final_cpp                           0x080001d9   Thumb Code     0  entry10a.o(.ARM.Collect$$$$0000000D)
    __rt_final_exit                          0x080001d9   Thumb Code     0  entry11a.o(.ARM.Collect$$$$0000000F)
    Reset_Handler                            0x080001dd   Thumb Code     8  startup_stm32f746xx.o(.text)
    CAN1_RX0_IRQHandler                      0x080001f7   Thumb Code     0  startup_stm32f746xx.o(.text)
    CAN1_RX1_IRQHandler                      0x080001f7   Thumb Code     0  startup_stm32f746xx.o(.text)
    CAN1_SCE_IRQHandler                      0x080001f7   Thumb Code     0  startup_stm32f746xx.o(.text)
    CAN1_TX_IRQHandler                       0x080001f7   Thumb Code     0  startup_stm32f746xx.o(.text)
    CAN2_RX0_IRQHandler                      0x080001f7   Thumb Code     0  startup_stm32f746xx.o(.text)
    CAN2_RX1_IRQHandler                      0x080001f7   Thumb Code     0  startup_stm32f746xx.o(.text)
    CAN2_SCE_IRQHandler                      0x080001f7   Thumb Code     0  startup_stm32f746xx.o(.text)
    CAN2_TX_IRQHandler                       0x080001f7   Thumb Code     0  startup_stm32f746xx.o(.text)
    CEC_IRQHandler                           0x080001f7   Thumb Code     0  startup_stm32f746xx.o(.text)
    DCMI_IRQHandler                          0x080001f7   Thumb Code     0  startup_stm32f746xx.o(.text)
    DMA1_Stream0_IRQHandler                  0x080001f7   Thumb Code     0  startup_stm32f746xx.o(.text)
    DMA1_Stream1_IRQHandler                  0x080001f7   Thumb Code     0  startup_stm32f746xx.o(.text)
    DMA1_Stream2_IRQHandler                  0x080001f7   Thumb Code     0  startup_stm32f746xx.o(.text)
    DMA1_Stream3_IRQHandler                  0x080001f7   Thumb Code     0  startup_stm32f746xx.o(.text)
    DMA1_Stream4_IRQHandler                  0x080001f7   Thumb Code     0  startup_stm32f746xx.o(.text)
    DMA1_Stream5_IRQHandler                  0x080001f7   Thumb Code     0  startup_stm32f746xx.o(.text)
    DMA1_Stream6_IRQHandler                  0x080001f7   Thumb Code     0  startup_stm32f746xx.o(.text)
    DMA1_Stream7_IRQHandler                  0x080001f7   Thumb Code     0  startup_stm32f746xx.o(.text)
    DMA2D_IRQHandler                         0x080001f7   Thumb Code     0  startup_stm32f746xx.o(.text)
    DMA2_Stream0_IRQHandler                  0x080001f7   Thumb Code     0  startup_stm32f746xx.o(.text)
    DMA2_Stream1_IRQHandler                  0x080001f7   Thumb Code     0  startup_stm32f746xx.o(.text)
    DMA2_Stream2_IRQHandler                  0x080001f7   Thumb Code     0  startup_stm32f746xx.o(.text)
    DMA2_Stream3_IRQHandler                  0x080001f7   Thumb Code     0  startup_stm32f746xx.o(.text)
    DMA2_Stream4_IRQHandler                  0x080001f7   Thumb Code     0  startup_stm32f746xx.o(.text)
    DMA2_Stream5_IRQHandler                  0x080001f7   Thumb Code     0  startup_stm32f746xx.o(.text)
    DMA2_Stream6_IRQHandler                  0x080001f7   Thumb Code     0  startup_stm32f746xx.o(.text)
    DMA2_Stream7_IRQHandler                  0x080001f7   Thumb Code     0  startup_stm32f746xx.o(.text)
    ETH_IRQHandler                           0x080001f7   Thumb Code     0  startup_stm32f746xx.o(.text)
    ETH_WKUP_IRQHandler                      0x080001f7   Thumb Code     0  startup_stm32f746xx.o(.text)
    EXTI0_IRQHandler                         0x080001f7   Thumb Code     0  startup_stm32f746xx.o(.text)
    EXTI15_10_IRQHandler                     0x080001f7   Thumb Code     0  startup_stm32f746xx.o(.text)
    EXTI1_IRQHandler                         0x080001f7   Thumb Code     0  startup_stm32f746xx.o(.text)
    EXTI2_IRQHandler                         0x080001f7   Thumb Code     0  startup_stm32f746xx.o(.text)
    EXTI3_IRQHandler                         0x080001f7   Thumb Code     0  startup_stm32f746xx.o(.text)
    EXTI4_IRQHandler                         0x080001f7   Thumb Code     0  startup_stm32f746xx.o(.text)
    EXTI9_5_IRQHandler                       0x080001f7   Thumb Code     0  startup_stm32f746xx.o(.text)
    FLASH_IRQHandler                         0x080001f7   Thumb Code     0  startup_stm32f746xx.o(.text)
    FMC_IRQHandler                           0x080001f7   Thumb Code     0  startup_stm32f746xx.o(.text)
    FPU_IRQHandler                           0x080001f7   Thumb Code     0  startup_stm32f746xx.o(.text)
    I2C1_ER_IRQHandler                       0x080001f7   Thumb Code     0  startup_stm32f746xx.o(.text)
    I2C1_EV_IRQHandler                       0x080001f7   Thumb Code     0  startup_stm32f746xx.o(.text)
    I2C2_ER_IRQHandler                       0x080001f7   Thumb Code     0  startup_stm32f746xx.o(.text)
    I2C2_EV_IRQHandler                       0x080001f7   Thumb Code     0  startup_stm32f746xx.o(.text)
    I2C3_ER_IRQHandler                       0x080001f7   Thumb Code     0  startup_stm32f746xx.o(.text)
    I2C3_EV_IRQHandler                       0x080001f7   Thumb Code     0  startup_stm32f746xx.o(.text)
    I2C4_ER_IRQHandler                       0x080001f7   Thumb Code     0  startup_stm32f746xx.o(.text)
    I2C4_EV_IRQHandler                       0x080001f7   Thumb Code     0  startup_stm32f746xx.o(.text)
    LPTIM1_IRQHandler                        0x080001f7   Thumb Code     0  startup_stm32f746xx.o(.text)
    LTDC_ER_IRQHandler                       0x080001f7   Thumb Code     0  startup_stm32f746xx.o(.text)
    LTDC_IRQHandler                          0x080001f7   Thumb Code     0  startup_stm32f746xx.o(.text)
    OTG_FS_IRQHandler                        0x080001f7   Thumb Code     0  startup_stm32f746xx.o(.text)
    OTG_FS_WKUP_IRQHandler                   0x080001f7   Thumb Code     0  startup_stm32f746xx.o(.text)
    OTG_HS_EP1_IN_IRQHandler                 0x080001f7   Thumb Code     0  startup_stm32f746xx.o(.text)
    OTG_HS_EP1_OUT_IRQHandler                0x080001f7   Thumb Code     0  startup_stm32f746xx.o(.text)
    OTG_HS_IRQHandler                        0x080001f7   Thumb Code     0  startup_stm32f746xx.o(.text)
    OTG_HS_WKUP_IRQHandler                   0x080001f7   Thumb Code     0  startup_stm32f746xx.o(.text)
    PVD_IRQHandler                           0x080001f7   Thumb Code     0  startup_stm32f746xx.o(.text)
    QUADSPI_IRQHandler                       0x080001f7   Thumb Code     0  startup_stm32f746xx.o(.text)
    RCC_IRQHandler                           0x080001f7   Thumb Code     0  startup_stm32f746xx.o(.text)
    RNG_IRQHandler                           0x080001f7   Thumb Code     0  startup_stm32f746xx.o(.text)
    RTC_Alarm_IRQHandler                     0x080001f7   Thumb Code     0  startup_stm32f746xx.o(.text)
    RTC_WKUP_IRQHandler                      0x080001f7   Thumb Code     0  startup_stm32f746xx.o(.text)
    SAI1_IRQHandler                          0x080001f7   Thumb Code     0  startup_stm32f746xx.o(.text)
    SAI2_IRQHandler                          0x080001f7   Thumb Code     0  startup_stm32f746xx.o(.text)
    SDMMC1_IRQHandler                        0x080001f7   Thumb Code     0  startup_stm32f746xx.o(.text)
    SPDIF_RX_IRQHandler                      0x080001f7   Thumb Code     0  startup_stm32f746xx.o(.text)
    SPI1_IRQHandler                          0x080001f7   Thumb Code     0  startup_stm32f746xx.o(.text)
    SPI2_IRQHandler                          0x080001f7   Thumb Code     0  startup_stm32f746xx.o(.text)
    SPI3_IRQHandler                          0x080001f7   Thumb Code     0  startup_stm32f746xx.o(.text)
    SPI4_IRQHandler                          0x080001f7   Thumb Code     0  startup_stm32f746xx.o(.text)
    SPI5_IRQHandler                          0x080001f7   Thumb Code     0  startup_stm32f746xx.o(.text)
    SPI6_IRQHandler                          0x080001f7   Thumb Code     0  startup_stm32f746xx.o(.text)
    TAMP_STAMP_IRQHandler                    0x080001f7   Thumb Code     0  startup_stm32f746xx.o(.text)
    TIM1_BRK_TIM9_IRQHandler                 0x080001f7   Thumb Code     0  startup_stm32f746xx.o(.text)
    TIM1_CC_IRQHandler                       0x080001f7   Thumb Code     0  startup_stm32f746xx.o(.text)
    TIM1_TRG_COM_TIM11_IRQHandler            0x080001f7   Thumb Code     0  startup_stm32f746xx.o(.text)
    TIM1_UP_TIM10_IRQHandler                 0x080001f7   Thumb Code     0  startup_stm32f746xx.o(.text)
    TIM2_IRQHandler                          0x080001f7   Thumb Code     0  startup_stm32f746xx.o(.text)
    TIM3_IRQHandler                          0x080001f7   Thumb Code     0  startup_stm32f746xx.o(.text)
    TIM4_IRQHandler                          0x080001f7   Thumb Code     0  startup_stm32f746xx.o(.text)
    TIM5_IRQHandler                          0x080001f7   Thumb Code     0  startup_stm32f746xx.o(.text)
    TIM8_BRK_TIM12_IRQHandler                0x080001f7   Thumb Code     0  startup_stm32f746xx.o(.text)
    TIM8_CC_IRQHandler                       0x080001f7   Thumb Code     0  startup_stm32f746xx.o(.text)
    TIM8_TRG_COM_TIM14_IRQHandler            0x080001f7   Thumb Code     0  startup_stm32f746xx.o(.text)
    UART4_IRQHandler                         0x080001f7   Thumb Code     0  startup_stm32f746xx.o(.text)
    UART5_IRQHandler                         0x080001f7   Thumb Code     0  startup_stm32f746xx.o(.text)
    UART8_IRQHandler                         0x080001f7   Thumb Code     0  startup_stm32f746xx.o(.text)
    USART1_IRQHandler                        0x080001f7   Thumb Code     0  startup_stm32f746xx.o(.text)
    USART2_IRQHandler                        0x080001f7   Thumb Code     0  startup_stm32f746xx.o(.text)
    USART3_IRQHandler                        0x080001f7   Thumb Code     0  startup_stm32f746xx.o(.text)
    USART6_IRQHandler                        0x080001f7   Thumb Code     0  startup_stm32f746xx.o(.text)
    WWDG_IRQHandler                          0x080001f7   Thumb Code     0  startup_stm32f746xx.o(.text)
    __aeabi_uldivmod                         0x08000201   Thumb Code    98  uldiv.o(.text)
    __aeabi_dadd                             0x08000263   Thumb Code   322  dadd.o(.text)
    __aeabi_dsub                             0x080003a5   Thumb Code     6  dadd.o(.text)
    __aeabi_drsub                            0x080003ab   Thumb Code     6  dadd.o(.text)
    __aeabi_dmul                             0x080003b1   Thumb Code   228  dmul.o(.text)
    __aeabi_f2d                              0x08000495   Thumb Code    38  f2d.o(.text)
    __aeabi_d2f                              0x080004bb   Thumb Code    56  d2f.o(.text)
    __aeabi_llsl                             0x080004f3   Thumb Code    30  llshl.o(.text)
    _ll_shift_l                              0x080004f3   Thumb Code     0  llshl.o(.text)
    __aeabi_llsr                             0x08000511   Thumb Code    32  llushr.o(.text)
    _ll_ushift_r                             0x08000511   Thumb Code     0  llushr.o(.text)
    __aeabi_lasr                             0x08000531   Thumb Code    36  llsshr.o(.text)
    _ll_sshift_r                             0x08000531   Thumb Code     0  llsshr.o(.text)
    __I$use$fp                               0x08000555   Thumb Code     0  iusefp.o(.text)
    _float_round                             0x08000555   Thumb Code    18  fepilogue.o(.text)
    _float_epilogue                          0x08000567   Thumb Code    92  fepilogue.o(.text)
    _double_round                            0x080005c3   Thumb Code    30  depilogue.o(.text)
    _double_epilogue                         0x080005e1   Thumb Code   156  depilogue.o(.text)
    __scatterload                            0x0800067d   Thumb Code    28  init.o(.text)
    __scatterload_rt2                        0x0800067d   Thumb Code     0  init.o(.text)
    ADC_IRQHandler                           0x080006a1   Thumb Code     6  stm32f7xx_it.o(i.ADC_IRQHandler)
    BusFault_Handler                         0x080007e1   Thumb Code     2  stm32f7xx_it.o(i.BusFault_Handler)
    DebugMon_Handler                         0x080007e3   Thumb Code     2  stm32f7xx_it.o(i.DebugMon_Handler)
    Filter_Encoder_Data                      0x080007e5   Thumb Code    22  main.o(i.Filter_Encoder_Data)
    HAL_ADCEx_InjectedConvCpltCallback       0x080007fb   Thumb Code     2  stm32f7xx_hal_adc_ex.o(i.HAL_ADCEx_InjectedConvCpltCallback)
    HAL_ADC_ConfigChannel                    0x080007fd   Thumb Code   338  stm32f7xx_hal_adc.o(i.HAL_ADC_ConfigChannel)
    HAL_ADC_ConvCpltCallback                 0x08000961   Thumb Code     2  stm32f7xx_hal_adc.o(i.HAL_ADC_ConvCpltCallback)
    HAL_ADC_ErrorCallback                    0x08000963   Thumb Code     2  stm32f7xx_hal_adc.o(i.HAL_ADC_ErrorCallback)
    HAL_ADC_IRQHandler                       0x08000965   Thumb Code   316  stm32f7xx_hal_adc.o(i.HAL_ADC_IRQHandler)
    HAL_ADC_Init                             0x08000aa1   Thumb Code    84  stm32f7xx_hal_adc.o(i.HAL_ADC_Init)
    HAL_ADC_LevelOutOfWindowCallback         0x08000af5   Thumb Code     2  stm32f7xx_hal_adc.o(i.HAL_ADC_LevelOutOfWindowCallback)
    HAL_ADC_MspInit                          0x08000af9   Thumb Code    68  stm32f7xx_hal_msp.o(i.HAL_ADC_MspInit)
    HAL_DMA_Abort_IT                         0x08000b49   Thumb Code    36  stm32f7xx_hal_dma.o(i.HAL_DMA_Abort_IT)
    HAL_Delay                                0x08000b6d   Thumb Code    32  stm32f7xx_hal.o(i.HAL_Delay)
    HAL_GPIO_Init                            0x08000b91   Thumb Code   418  stm32f7xx_hal_gpio.o(i.HAL_GPIO_Init)
    HAL_GPIO_TogglePin                       0x08000d69   Thumb Code     8  stm32f7xx_hal_gpio.o(i.HAL_GPIO_TogglePin)
    HAL_GPIO_WritePin                        0x08000d71   Thumb Code    10  stm32f7xx_hal_gpio.o(i.HAL_GPIO_WritePin)
    HAL_GetTick                              0x08000d7d   Thumb Code     6  stm32f7xx_hal.o(i.HAL_GetTick)
    HAL_I2CEx_ConfigAnalogFilter             0x08000d89   Thumb Code    88  stm32f7xx_hal_i2c_ex.o(i.HAL_I2CEx_ConfigAnalogFilter)
    HAL_I2CEx_ConfigDigitalFilter            0x08000de1   Thumb Code    84  stm32f7xx_hal_i2c_ex.o(i.HAL_I2CEx_ConfigDigitalFilter)
    HAL_I2C_Init                             0x08000e35   Thumb Code   180  stm32f7xx_hal_i2c.o(i.HAL_I2C_Init)
    HAL_I2C_Mem_Write                        0x08000eed   Thumb Code   354  stm32f7xx_hal_i2c.o(i.HAL_I2C_Mem_Write)
    HAL_I2C_MspInit                          0x08001055   Thumb Code    58  stm32f7xx_hal_msp.o(i.HAL_I2C_MspInit)
    HAL_IncTick                              0x0800109d   Thumb Code    12  stm32f7xx_hal.o(i.HAL_IncTick)
    HAL_Init                                 0x080010ad   Thumb Code    22  stm32f7xx_hal.o(i.HAL_Init)
    HAL_InitTick                             0x080010c5   Thumb Code    54  stm32f7xx_hal.o(i.HAL_InitTick)
    HAL_MspInit                              0x08001105   Thumb Code   126  stm32f7xx_hal_msp.o(i.HAL_MspInit)
    HAL_NVIC_EnableIRQ                       0x08001189   Thumb Code    22  stm32f7xx_hal_cortex.o(i.HAL_NVIC_EnableIRQ)
    HAL_NVIC_SetPriority                     0x080011a1   Thumb Code    60  stm32f7xx_hal_cortex.o(i.HAL_NVIC_SetPriority)
    HAL_NVIC_SetPriorityGrouping             0x080011e1   Thumb Code    28  stm32f7xx_hal_cortex.o(i.HAL_NVIC_SetPriorityGrouping)
    HAL_PWREx_EnableOverDrive                0x08001205   Thumb Code   100  stm32f7xx_hal_pwr_ex.o(i.HAL_PWREx_EnableOverDrive)
    HAL_RCCEx_PeriphCLKConfig                0x08001271   Thumb Code  1276  stm32f7xx_hal_rcc_ex.o(i.HAL_RCCEx_PeriphCLKConfig)
    HAL_RCC_ClockConfig                      0x0800176d   Thumb Code   282  stm32f7xx_hal_rcc.o(i.HAL_RCC_ClockConfig)
    HAL_RCC_GetHCLKFreq                      0x08001899   Thumb Code     6  stm32f7xx_hal_rcc.o(i.HAL_RCC_GetHCLKFreq)
    HAL_RCC_GetPCLK1Freq                     0x080018a5   Thumb Code    20  stm32f7xx_hal_rcc.o(i.HAL_RCC_GetPCLK1Freq)
    HAL_RCC_GetPCLK2Freq                     0x080018c5   Thumb Code    20  stm32f7xx_hal_rcc.o(i.HAL_RCC_GetPCLK2Freq)
    HAL_RCC_GetSysClockFreq                  0x080018e5   Thumb Code    88  stm32f7xx_hal_rcc.o(i.HAL_RCC_GetSysClockFreq)
    HAL_RCC_OscConfig                        0x08001945   Thumb Code   810  stm32f7xx_hal_rcc.o(i.HAL_RCC_OscConfig)
    HAL_SPI_Init                             0x08001c7d   Thumb Code   196  stm32f7xx_hal_spi.o(i.HAL_SPI_Init)
    HAL_SPI_MspInit                          0x08001d41   Thumb Code   104  stm32f7xx_hal_msp.o(i.HAL_SPI_MspInit)
    HAL_SYSTICK_CLKSourceConfig              0x08001dbd   Thumb Code    24  stm32f7xx_hal_cortex.o(i.HAL_SYSTICK_CLKSourceConfig)
    HAL_SYSTICK_Callback                     0x08001dd5   Thumb Code     2  stm32f7xx_hal_cortex.o(i.HAL_SYSTICK_Callback)
    HAL_SYSTICK_Config                       0x08001dd7   Thumb Code    38  stm32f7xx_hal_cortex.o(i.HAL_SYSTICK_Config)
    HAL_SYSTICK_IRQHandler                   0x08001dfd   Thumb Code     8  stm32f7xx_hal_cortex.o(i.HAL_SYSTICK_IRQHandler)
    HAL_TIMEx_BreakCallback                  0x08001e05   Thumb Code     2  stm32f7xx_hal_tim_ex.o(i.HAL_TIMEx_BreakCallback)
    HAL_TIMEx_CommutationCallback            0x08001e07   Thumb Code     2  stm32f7xx_hal_tim_ex.o(i.HAL_TIMEx_CommutationCallback)
    HAL_TIMEx_MasterConfigSynchronization    0x08001e09   Thumb Code    78  stm32f7xx_hal_tim_ex.o(i.HAL_TIMEx_MasterConfigSynchronization)
    HAL_TIM_Base_Init                        0x08001e61   Thumb Code    54  stm32f7xx_hal_tim.o(i.HAL_TIM_Base_Init)
    HAL_TIM_Base_MspInit                     0x08001e99   Thumb Code   236  stm32f7xx_hal_msp.o(i.HAL_TIM_Base_MspInit)
    HAL_TIM_Base_Start_IT                    0x08001fa9   Thumb Code    24  stm32f7xx_hal_tim.o(i.HAL_TIM_Base_Start_IT)
    HAL_TIM_ConfigClockSource                0x08001fc1   Thumb Code   246  stm32f7xx_hal_tim.o(i.HAL_TIM_ConfigClockSource)
    HAL_TIM_Encoder_Init                     0x080020bd   Thumb Code   162  stm32f7xx_hal_tim.o(i.HAL_TIM_Encoder_Init)
    HAL_TIM_Encoder_MspInit                  0x08002165   Thumb Code    60  stm32f7xx_hal_msp.o(i.HAL_TIM_Encoder_MspInit)
    HAL_TIM_Encoder_Start                    0x080021ad   Thumb Code    52  stm32f7xx_hal_tim.o(i.HAL_TIM_Encoder_Start)
    HAL_TIM_IC_CaptureCallback               0x080021e1   Thumb Code     2  stm32f7xx_hal_tim.o(i.HAL_TIM_IC_CaptureCallback)
    HAL_TIM_IC_ConfigChannel                 0x080021e3   Thumb Code   288  stm32f7xx_hal_tim.o(i.HAL_TIM_IC_ConfigChannel)
    HAL_TIM_IC_Init                          0x08002303   Thumb Code    54  stm32f7xx_hal_tim.o(i.HAL_TIM_IC_Init)
    HAL_TIM_IC_MspInit                       0x08002339   Thumb Code   166  stm32f7xx_hal_msp.o(i.HAL_TIM_IC_MspInit)
    HAL_TIM_IRQHandler                       0x080023f9   Thumb Code   382  stm32f7xx_hal_tim.o(i.HAL_TIM_IRQHandler)
    HAL_TIM_MspPostInit                      0x08002579   Thumb Code   160  stm32f7xx_hal_msp.o(i.HAL_TIM_MspPostInit)
    HAL_TIM_OC_DelayElapsedCallback          0x0800263d   Thumb Code     2  stm32f7xx_hal_tim.o(i.HAL_TIM_OC_DelayElapsedCallback)
    HAL_TIM_OnePulse_Init                    0x0800263f   Thumb Code    74  stm32f7xx_hal_tim.o(i.HAL_TIM_OnePulse_Init)
    HAL_TIM_OnePulse_MspInit                 0x08002689   Thumb Code     2  stm32f7xx_hal_tim.o(i.HAL_TIM_OnePulse_MspInit)
    HAL_TIM_PWM_ConfigChannel                0x0800268b   Thumb Code   296  stm32f7xx_hal_tim_ex.o(i.HAL_TIM_PWM_ConfigChannel)
    HAL_TIM_PWM_Init                         0x080027b3   Thumb Code    54  stm32f7xx_hal_tim.o(i.HAL_TIM_PWM_Init)
    HAL_TIM_PWM_MspInit                      0x080027e9   Thumb Code    52  stm32f7xx_hal_msp.o(i.HAL_TIM_PWM_MspInit)
    HAL_TIM_PWM_PulseFinishedCallback        0x08002825   Thumb Code     2  stm32f7xx_hal_tim.o(i.HAL_TIM_PWM_PulseFinishedCallback)
    HAL_TIM_PWM_Start                        0x08002829   Thumb Code    48  stm32f7xx_hal_tim.o(i.HAL_TIM_PWM_Start)
    HAL_TIM_PeriodElapsedCallback            0x08002861   Thumb Code   200  main.o(i.HAL_TIM_PeriodElapsedCallback)
    HAL_TIM_TriggerCallback                  0x0800294d   Thumb Code     2  stm32f7xx_hal_tim.o(i.HAL_TIM_TriggerCallback)
    HAL_UART_ErrorCallback                   0x0800294f   Thumb Code     2  stm32f7xx_hal_uart.o(i.HAL_UART_ErrorCallback)
    HAL_UART_IRQHandler                      0x08002951   Thumb Code   372  stm32f7xx_hal_uart.o(i.HAL_UART_IRQHandler)
    HAL_UART_Init                            0x08002ac9   Thumb Code   106  stm32f7xx_hal_uart.o(i.HAL_UART_Init)
    HAL_UART_MspInit                         0x08002b35   Thumb Code    74  stm32f7xx_hal_msp.o(i.HAL_UART_MspInit)
    HAL_UART_RxCpltCallback                  0x08002b8d   Thumb Code     2  stm32f7xx_hal_uart.o(i.HAL_UART_RxCpltCallback)
    HAL_UART_TxCpltCallback                  0x08002b8f   Thumb Code     2  stm32f7xx_hal_uart.o(i.HAL_UART_TxCpltCallback)
    HardFault_Handler                        0x08002b91   Thumb Code     2  stm32f7xx_it.o(i.HardFault_Handler)
    MemManage_Handler                        0x0800364d   Thumb Code     2  stm32f7xx_it.o(i.MemManage_Handler)
    NMI_Handler                              0x0800364f   Thumb Code     2  stm32f7xx_it.o(i.NMI_Handler)
    PID                                      0x08003675   Thumb Code   208  main.o(i.PID)
    PendSV_Handler                           0x08003755   Thumb Code     2  stm32f7xx_it.o(i.PendSV_Handler)
    SVC_Handler                              0x08003757   Thumb Code     2  stm32f7xx_it.o(i.SVC_Handler)
    Set_PWM                                  0x08003759   Thumb Code    36  main.o(i.Set_PWM)
    SysTick_Handler                          0x08003785   Thumb Code    14  stm32f7xx_it.o(i.SysTick_Handler)
    SystemClock_Config                       0x08003795   Thumb Code   176  main.o(i.SystemClock_Config)
    SystemInit                               0x0800384d   Thumb Code    68  system_stm32f7xx.o(i.SystemInit)
    TIM6_DAC_IRQHandler                      0x080038a1   Thumb Code     6  stm32f7xx_it.o(i.TIM6_DAC_IRQHandler)
    TIM7_IRQHandler                          0x080038ad   Thumb Code     6  stm32f7xx_it.o(i.TIM7_IRQHandler)
    TIM8_UP_TIM13_IRQHandler                 0x080038b9   Thumb Code    18  stm32f7xx_it.o(i.TIM8_UP_TIM13_IRQHandler)
    TIM_Base_SetConfig                       0x080038d5   Thumb Code   158  stm32f7xx_hal_tim.o(i.TIM_Base_SetConfig)
    TIM_CCxChannelCmd                        0x080039a1   Thumb Code    22  stm32f7xx_hal_tim.o(i.TIM_CCxChannelCmd)
    TIM_ETR_SetConfig                        0x080039b7   Thumb Code    18  stm32f7xx_hal_tim.o(i.TIM_ETR_SetConfig)
    TIM_OC1_SetConfig                        0x080039d9   Thumb Code    90  stm32f7xx_hal_tim.o(i.TIM_OC1_SetConfig)
    TIM_OC2_SetConfig                        0x08003a41   Thumb Code    96  stm32f7xx_hal_tim.o(i.TIM_OC2_SetConfig)
    TIM_OC3_SetConfig                        0x08003aad   Thumb Code    96  stm32f7xx_hal_tim.o(i.TIM_OC3_SetConfig)
    TIM_OC4_SetConfig                        0x08003b19   Thumb Code    76  stm32f7xx_hal_tim.o(i.TIM_OC4_SetConfig)
    TIM_TI1_SetConfig                        0x08003c45   Thumb Code   100  stm32f7xx_hal_tim.o(i.TIM_TI1_SetConfig)
    UART7_IRQHandler                         0x08003d21   Thumb Code     6  stm32f7xx_it.o(i.UART7_IRQHandler)
    UART_AdvFeatureConfig                    0x08003d2d   Thumb Code   200  stm32f7xx_hal_uart.o(i.UART_AdvFeatureConfig)
    UART_CheckIdleState                      0x08003df5   Thumb Code    64  stm32f7xx_hal_uart.o(i.UART_CheckIdleState)
    UART_SetConfig                           0x08003edd   Thumb Code   550  stm32f7xx_hal_uart.o(i.UART_SetConfig)
    UART_WaitOnFlagUntilTimeout              0x08004135   Thumb Code   100  stm32f7xx_hal_uart.o(i.UART_WaitOnFlagUntilTimeout)
    UsageFault_Handler                       0x08004199   Thumb Code     2  stm32f7xx_it.o(i.UsageFault_Handler)
    __scatterload_copy                       0x0800419b   Thumb Code    14  handlers.o(i.__scatterload_copy)
    __scatterload_null                       0x080041a9   Thumb Code     2  handlers.o(i.__scatterload_null)
    __scatterload_zeroinit                   0x080041ab   Thumb Code    14  handlers.o(i.__scatterload_zeroinit)
    main                                     0x080041b9   Thumb Code   476  main.o(i.main)
    ssd1306_DrawPixel                        0x080043e9   Thumb Code    54  ssd1306.o(i.ssd1306_DrawPixel)
    ssd1306_Fill                             0x08004429   Thumb Code    28  ssd1306.o(i.ssd1306_Fill)
    ssd1306_Init                             0x08004449   Thumb Code   202  ssd1306.o(i.ssd1306_Init)
    ssd1306_SetCursor                        0x08004519   Thumb Code     8  ssd1306.o(i.ssd1306_SetCursor)
    ssd1306_UpdateScreen                     0x08004525   Thumb Code    66  ssd1306.o(i.ssd1306_UpdateScreen)
    ssd1306_WriteChar                        0x08004571   Thumb Code   150  ssd1306.o(i.ssd1306_WriteChar)
    ssd1306_WriteString                      0x08004631   Thumb Code    44  ssd1306.o(i.ssd1306_WriteString)
    AHBPrescTable                            0x08006e70   Data          16  system_stm32f7xx.o(.constdata)
    APBPrescTable                            0x08006e80   Data           8  system_stm32f7xx.o(.constdata)
    Region$$Table$$Base                      0x08006e88   Number         0  anon$$obj.o(Region$$Table)
    Region$$Table$$Limit                     0x08006ea8   Number         0  anon$$obj.o(Region$$Table)
    Font_7x10                                0x20000000   Data           8  fonts.o(.data)
    Font_11x18                               0x20000008   Data           8  fonts.o(.data)
    Font_16x26                               0x20000010   Data           8  fonts.o(.data)
    direction                                0x20000020   Data           1  main.o(.data)
    tmp                                      0x20000024   Data           4  main.o(.data)
    Input_Speed                              0x20000028   Data           4  main.o(.data)
    output                                   0x2000002c   Data           4  main.o(.data)
    LastError                                0x20000030   Data           4  main.o(.data)
    Error                                    0x20000034   Data           4  main.o(.data)
    DifferentialError                        0x20000038   Data           4  main.o(.data)
    IntegralError                            0x2000003c   Data           4  main.o(.data)
    MAX_DEN                                  0x20000040   Data           4  main.o(.data)
    KP                                       0x20000044   Data           4  main.o(.data)
    KI                                       0x20000048   Data           4  main.o(.data)
    KD                                       0x2000004c   Data           4  main.o(.data)
    lambda                                   0x20000050   Data           4  main.o(.data)
    MaxIntegral                              0x20000054   Data           4  main.o(.data)
    COEFF                                    0x20000058   Data           4  main.o(.data)
    EN1_RPM                                  0x2000005c   Data           4  main.o(.data)
    Last_RPM_EN1                             0x20000060   Data           4  main.o(.data)
    DEN1                                     0x20000064   Data           4  main.o(.data)
    Last_Filter_EN1                          0x20000068   Data           4  main.o(.data)
    uwTickFreq                               0x2000006c   Data           1  stm32f7xx_hal.o(.data)
    uwTickPrio                               0x20000070   Data           4  stm32f7xx_hal.o(.data)
    uwTick                                   0x20000074   Data           4  stm32f7xx_hal.o(.data)
    SystemCoreClock                          0x20000078   Data           4  system_stm32f7xx.o(.data)
    hadc3                                    0x2000047c   Data          72  main.o(.bss)
    hi2c2                                    0x200004c4   Data          76  main.o(.bss)
    hspi1                                    0x20000510   Data         100  main.o(.bss)
    hspi4                                    0x20000574   Data         100  main.o(.bss)
    htim1                                    0x200005d8   Data          64  main.o(.bss)
    htim2                                    0x20000618   Data          64  main.o(.bss)
    htim3                                    0x20000658   Data          64  main.o(.bss)
    htim4                                    0x20000698   Data          64  main.o(.bss)
    htim5                                    0x200006d8   Data          64  main.o(.bss)
    htim6                                    0x20000718   Data          64  main.o(.bss)
    htim7                                    0x20000758   Data          64  main.o(.bss)
    htim8                                    0x20000798   Data          64  main.o(.bss)
    htim9                                    0x200007d8   Data          64  main.o(.bss)
    htim10                                   0x20000818   Data          64  main.o(.bss)
    htim11                                   0x20000858   Data          64  main.o(.bss)
    htim12                                   0x20000898   Data          64  main.o(.bss)
    htim13                                   0x200008d8   Data          64  main.o(.bss)
    htim14                                   0x20000918   Data          64  main.o(.bss)
    huart7                                   0x20000958   Data         112  main.o(.bss)
    __initial_sp                             0x20000dc8   Data           0  startup_stm32f746xx.o(STACK)



==============================================================================

Memory Map of the image

  Image Entry point : 0x080001c9

  Load Region LR_IROM1 (Base: 0x08000000, Size: 0x00006f24, Max: 0x00100000, ABSOLUTE)

    Execution Region ER_IROM1 (Exec base: 0x08000000, Load base: 0x08000000, Size: 0x00006ea8, Max: 0x00100000, ABSOLUTE)

    Exec Addr    Load Addr    Size         Type   Attr      Idx    E Section Name        Object

    0x08000000   0x08000000   0x000001c8   Data   RO            3    RESET               startup_stm32f746xx.o
    0x080001c8   0x080001c8   0x00000000   Code   RO         4058  * .ARM.Collect$$$$00000000  mc_w.l(entry.o)
    0x080001c8   0x080001c8   0x00000004   Code   RO         4332    .ARM.Collect$$$$00000001  mc_w.l(entry2.o)
    0x080001cc   0x080001cc   0x00000004   Code   RO         4335    .ARM.Collect$$$$00000004  mc_w.l(entry5.o)
    0x080001d0   0x080001d0   0x00000000   Code   RO         4337    .ARM.Collect$$$$00000008  mc_w.l(entry7b.o)
    0x080001d0   0x080001d0   0x00000000   Code   RO         4339    .ARM.Collect$$$$0000000A  mc_w.l(entry8b.o)
    0x080001d0   0x080001d0   0x00000008   Code   RO         4340    .ARM.Collect$$$$0000000B  mc_w.l(entry9a.o)
    0x080001d8   0x080001d8   0x00000000   Code   RO         4342    .ARM.Collect$$$$0000000D  mc_w.l(entry10a.o)
    0x080001d8   0x080001d8   0x00000000   Code   RO         4344    .ARM.Collect$$$$0000000F  mc_w.l(entry11a.o)
    0x080001d8   0x080001d8   0x00000004   Code   RO         4333    .ARM.Collect$$$$00002712  mc_w.l(entry2.o)
    0x080001dc   0x080001dc   0x00000024   Code   RO            4    .text               startup_stm32f746xx.o
    0x08000200   0x08000200   0x00000062   Code   RO         4061    .text               mc_w.l(uldiv.o)
    0x08000262   0x08000262   0x0000014e   Code   RO         4324    .text               mf_w.l(dadd.o)
    0x080003b0   0x080003b0   0x000000e4   Code   RO         4326    .text               mf_w.l(dmul.o)
    0x08000494   0x08000494   0x00000026   Code   RO         4328    .text               mf_w.l(f2d.o)
    0x080004ba   0x080004ba   0x00000038   Code   RO         4330    .text               mf_w.l(d2f.o)
    0x080004f2   0x080004f2   0x0000001e   Code   RO         4351    .text               mc_w.l(llshl.o)
    0x08000510   0x08000510   0x00000020   Code   RO         4353    .text               mc_w.l(llushr.o)
    0x08000530   0x08000530   0x00000024   Code   RO         4355    .text               mc_w.l(llsshr.o)
    0x08000554   0x08000554   0x00000000   Code   RO         4357    .text               mc_w.l(iusefp.o)
    0x08000554   0x08000554   0x0000006e   Code   RO         4358    .text               mf_w.l(fepilogue.o)
    0x080005c2   0x080005c2   0x000000ba   Code   RO         4360    .text               mf_w.l(depilogue.o)
    0x0800067c   0x0800067c   0x00000024   Code   RO         4368    .text               mc_w.l(init.o)
    0x080006a0   0x080006a0   0x0000000c   Code   RO          442    i.ADC_IRQHandler    stm32f7xx_it.o
    0x080006ac   0x080006ac   0x00000134   Code   RO          677    i.ADC_Init          stm32f7xx_hal_adc.o
    0x080007e0   0x080007e0   0x00000002   Code   RO          443    i.BusFault_Handler  stm32f7xx_it.o
    0x080007e2   0x080007e2   0x00000002   Code   RO          444    i.DebugMon_Handler  stm32f7xx_it.o
    0x080007e4   0x080007e4   0x00000016   Code   RO          227    i.Filter_Encoder_Data  main.o
    0x080007fa   0x080007fa   0x00000002   Code   RO          848    i.HAL_ADCEx_InjectedConvCpltCallback  stm32f7xx_hal_adc_ex.o
    0x080007fc   0x080007fc   0x00000164   Code   RO          679    i.HAL_ADC_ConfigChannel  stm32f7xx_hal_adc.o
    0x08000960   0x08000960   0x00000002   Code   RO          680    i.HAL_ADC_ConvCpltCallback  stm32f7xx_hal_adc.o
    0x08000962   0x08000962   0x00000002   Code   RO          683    i.HAL_ADC_ErrorCallback  stm32f7xx_hal_adc.o
    0x08000964   0x08000964   0x0000013c   Code   RO          687    i.HAL_ADC_IRQHandler  stm32f7xx_hal_adc.o
    0x08000aa0   0x08000aa0   0x00000054   Code   RO          688    i.HAL_ADC_Init      stm32f7xx_hal_adc.o
    0x08000af4   0x08000af4   0x00000002   Code   RO          689    i.HAL_ADC_LevelOutOfWindowCallback  stm32f7xx_hal_adc.o
    0x08000af6   0x08000af6   0x00000002   PAD
    0x08000af8   0x08000af8   0x00000050   Code   RO          549    i.HAL_ADC_MspInit   stm32f7xx_hal_msp.o
    0x08000b48   0x08000b48   0x00000024   Code   RO         3469    i.HAL_DMA_Abort_IT  stm32f7xx_hal_dma.o
    0x08000b6c   0x08000b6c   0x00000024   Code   RO         3835    i.HAL_Delay         stm32f7xx_hal.o
    0x08000b90   0x08000b90   0x000001d8   Code   RO         3402    i.HAL_GPIO_Init     stm32f7xx_hal_gpio.o
    0x08000d68   0x08000d68   0x00000008   Code   RO         3405    i.HAL_GPIO_TogglePin  stm32f7xx_hal_gpio.o
    0x08000d70   0x08000d70   0x0000000a   Code   RO         3406    i.HAL_GPIO_WritePin  stm32f7xx_hal_gpio.o
    0x08000d7a   0x08000d7a   0x00000002   PAD
    0x08000d7c   0x08000d7c   0x0000000c   Code   RO         3843    i.HAL_GetTick       stm32f7xx_hal.o
    0x08000d88   0x08000d88   0x00000058   Code   RO         1512    i.HAL_I2CEx_ConfigAnalogFilter  stm32f7xx_hal_i2c_ex.o
    0x08000de0   0x08000de0   0x00000054   Code   RO         1513    i.HAL_I2CEx_ConfigDigitalFilter  stm32f7xx_hal_i2c_ex.o
    0x08000e34   0x08000e34   0x000000b8   Code   RO         1095    i.HAL_I2C_Init      stm32f7xx_hal_i2c.o
    0x08000eec   0x08000eec   0x00000168   Code   RO         1114    i.HAL_I2C_Mem_Write  stm32f7xx_hal_i2c.o
    0x08001054   0x08001054   0x00000048   Code   RO          551    i.HAL_I2C_MspInit   stm32f7xx_hal_msp.o
    0x0800109c   0x0800109c   0x00000010   Code   RO         3849    i.HAL_IncTick       stm32f7xx_hal.o
    0x080010ac   0x080010ac   0x00000016   Code   RO         3850    i.HAL_Init          stm32f7xx_hal.o
    0x080010c2   0x080010c2   0x00000002   PAD
    0x080010c4   0x080010c4   0x00000040   Code   RO         3851    i.HAL_InitTick      stm32f7xx_hal.o
    0x08001104   0x08001104   0x00000084   Code   RO          552    i.HAL_MspInit       stm32f7xx_hal_msp.o
    0x08001188   0x08001188   0x00000016   Code   RO          954    i.HAL_NVIC_EnableIRQ  stm32f7xx_hal_cortex.o
    0x0800119e   0x0800119e   0x00000002   PAD
    0x080011a0   0x080011a0   0x00000040   Code   RO          960    i.HAL_NVIC_SetPriority  stm32f7xx_hal_cortex.o
    0x080011e0   0x080011e0   0x00000024   Code   RO          961    i.HAL_NVIC_SetPriorityGrouping  stm32f7xx_hal_cortex.o
    0x08001204   0x08001204   0x0000006c   Code   RO         3742    i.HAL_PWREx_EnableOverDrive  stm32f7xx_hal_pwr_ex.o
    0x08001270   0x08001270   0x000004fc   Code   RO         3163    i.HAL_RCCEx_PeriphCLKConfig  stm32f7xx_hal_rcc_ex.o
    0x0800176c   0x0800176c   0x0000012c   Code   RO         3056    i.HAL_RCC_ClockConfig  stm32f7xx_hal_rcc.o
    0x08001898   0x08001898   0x0000000c   Code   RO         3061    i.HAL_RCC_GetHCLKFreq  stm32f7xx_hal_rcc.o
    0x080018a4   0x080018a4   0x00000020   Code   RO         3063    i.HAL_RCC_GetPCLK1Freq  stm32f7xx_hal_rcc.o
    0x080018c4   0x080018c4   0x00000020   Code   RO         3064    i.HAL_RCC_GetPCLK2Freq  stm32f7xx_hal_rcc.o
    0x080018e4   0x080018e4   0x00000060   Code   RO         3065    i.HAL_RCC_GetSysClockFreq  stm32f7xx_hal_rcc.o
    0x08001944   0x08001944   0x00000338   Code   RO         3068    i.HAL_RCC_OscConfig  stm32f7xx_hal_rcc.o
    0x08001c7c   0x08001c7c   0x000000c4   Code   RO         1553    i.HAL_SPI_Init      stm32f7xx_hal_spi.o
    0x08001d40   0x08001d40   0x0000007c   Code   RO          554    i.HAL_SPI_MspInit   stm32f7xx_hal_msp.o
    0x08001dbc   0x08001dbc   0x00000018   Code   RO          963    i.HAL_SYSTICK_CLKSourceConfig  stm32f7xx_hal_cortex.o
    0x08001dd4   0x08001dd4   0x00000002   Code   RO          964    i.HAL_SYSTICK_Callback  stm32f7xx_hal_cortex.o
    0x08001dd6   0x08001dd6   0x00000026   Code   RO          965    i.HAL_SYSTICK_Config  stm32f7xx_hal_cortex.o
    0x08001dfc   0x08001dfc   0x00000008   Code   RO          966    i.HAL_SYSTICK_IRQHandler  stm32f7xx_hal_cortex.o
    0x08001e04   0x08001e04   0x00000002   Code   RO         2503    i.HAL_TIMEx_BreakCallback  stm32f7xx_hal_tim_ex.o
    0x08001e06   0x08001e06   0x00000002   Code   RO         2504    i.HAL_TIMEx_CommutationCallback  stm32f7xx_hal_tim_ex.o
    0x08001e08   0x08001e08   0x00000058   Code   RO         2521    i.HAL_TIMEx_MasterConfigSynchronization  stm32f7xx_hal_tim_ex.o
    0x08001e60   0x08001e60   0x00000036   Code   RO         1871    i.HAL_TIM_Base_Init  stm32f7xx_hal_tim.o
    0x08001e96   0x08001e96   0x00000002   PAD
    0x08001e98   0x08001e98   0x00000110   Code   RO          556    i.HAL_TIM_Base_MspInit  stm32f7xx_hal_msp.o
    0x08001fa8   0x08001fa8   0x00000018   Code   RO         1876    i.HAL_TIM_Base_Start_IT  stm32f7xx_hal_tim.o
    0x08001fc0   0x08001fc0   0x000000fc   Code   RO         1880    i.HAL_TIM_ConfigClockSource  stm32f7xx_hal_tim.o
    0x080020bc   0x080020bc   0x000000a8   Code   RO         1889    i.HAL_TIM_Encoder_Init  stm32f7xx_hal_tim.o
    0x08002164   0x08002164   0x00000048   Code   RO          558    i.HAL_TIM_Encoder_MspInit  stm32f7xx_hal_msp.o
    0x080021ac   0x080021ac   0x00000034   Code   RO         1892    i.HAL_TIM_Encoder_Start  stm32f7xx_hal_tim.o
    0x080021e0   0x080021e0   0x00000002   Code   RO         1900    i.HAL_TIM_IC_CaptureCallback  stm32f7xx_hal_tim.o
    0x080021e2   0x080021e2   0x00000120   Code   RO         1901    i.HAL_TIM_IC_ConfigChannel  stm32f7xx_hal_tim.o
    0x08002302   0x08002302   0x00000036   Code   RO         1904    i.HAL_TIM_IC_Init   stm32f7xx_hal_tim.o
    0x08002338   0x08002338   0x000000c0   Code   RO          560    i.HAL_TIM_IC_MspInit  stm32f7xx_hal_msp.o
    0x080023f8   0x080023f8   0x0000017e   Code   RO         1913    i.HAL_TIM_IRQHandler  stm32f7xx_hal_tim.o
    0x08002576   0x08002576   0x00000002   PAD
    0x08002578   0x08002578   0x000000c4   Code   RO          561    i.HAL_TIM_MspPostInit  stm32f7xx_hal_msp.o
    0x0800263c   0x0800263c   0x00000002   Code   RO         1916    i.HAL_TIM_OC_DelayElapsedCallback  stm32f7xx_hal_tim.o
    0x0800263e   0x0800263e   0x0000004a   Code   RO         1930    i.HAL_TIM_OnePulse_Init  stm32f7xx_hal_tim.o
    0x08002688   0x08002688   0x00000002   Code   RO         1932    i.HAL_TIM_OnePulse_MspInit  stm32f7xx_hal_tim.o
    0x0800268a   0x0800268a   0x00000128   Code   RO         2541    i.HAL_TIM_PWM_ConfigChannel  stm32f7xx_hal_tim_ex.o
    0x080027b2   0x080027b2   0x00000036   Code   RO         1940    i.HAL_TIM_PWM_Init  stm32f7xx_hal_tim.o
    0x080027e8   0x080027e8   0x0000003c   Code   RO          563    i.HAL_TIM_PWM_MspInit  stm32f7xx_hal_msp.o
    0x08002824   0x08002824   0x00000002   Code   RO         1943    i.HAL_TIM_PWM_PulseFinishedCallback  stm32f7xx_hal_tim.o
    0x08002826   0x08002826   0x00000002   PAD
    0x08002828   0x08002828   0x00000038   Code   RO         1944    i.HAL_TIM_PWM_Start  stm32f7xx_hal_tim.o
    0x08002860   0x08002860   0x000000ec   Code   RO          228    i.HAL_TIM_PeriodElapsedCallback  main.o
    0x0800294c   0x0800294c   0x00000002   Code   RO         1954    i.HAL_TIM_TriggerCallback  stm32f7xx_hal_tim.o
    0x0800294e   0x0800294e   0x00000002   Code   RO         2791    i.HAL_UART_ErrorCallback  stm32f7xx_hal_uart.o
    0x08002950   0x08002950   0x00000178   Code   RO         2794    i.HAL_UART_IRQHandler  stm32f7xx_hal_uart.o
    0x08002ac8   0x08002ac8   0x0000006a   Code   RO         2795    i.HAL_UART_Init     stm32f7xx_hal_uart.o
    0x08002b32   0x08002b32   0x00000002   PAD
    0x08002b34   0x08002b34   0x00000058   Code   RO          565    i.HAL_UART_MspInit  stm32f7xx_hal_msp.o
    0x08002b8c   0x08002b8c   0x00000002   Code   RO         2801    i.HAL_UART_RxCpltCallback  stm32f7xx_hal_uart.o
    0x08002b8e   0x08002b8e   0x00000002   Code   RO         2806    i.HAL_UART_TxCpltCallback  stm32f7xx_hal_uart.o
    0x08002b90   0x08002b90   0x00000002   Code   RO          445    i.HardFault_Handler  stm32f7xx_it.o
    0x08002b92   0x08002b92   0x00000022   Code   RO         1137    i.I2C_Flush_TXDR    stm32f7xx_hal_i2c.o
    0x08002bb4   0x08002bb4   0x0000007c   Code   RO         1145    i.I2C_IsAcknowledgeFailed  stm32f7xx_hal_i2c.o
    0x08002c30   0x08002c30   0x00000070   Code   RO         1149    i.I2C_RequestMemoryWrite  stm32f7xx_hal_i2c.o
    0x08002ca0   0x08002ca0   0x0000002c   Code   RO         1152    i.I2C_TransferConfig  stm32f7xx_hal_i2c.o
    0x08002ccc   0x08002ccc   0x00000052   Code   RO         1153    i.I2C_WaitOnFlagUntilTimeout  stm32f7xx_hal_i2c.o
    0x08002d1e   0x08002d1e   0x00000050   Code   RO         1155    i.I2C_WaitOnSTOPFlagUntilTimeout  stm32f7xx_hal_i2c.o
    0x08002d6e   0x08002d6e   0x00000054   Code   RO         1156    i.I2C_WaitOnTXISFlagUntilTimeout  stm32f7xx_hal_i2c.o
    0x08002dc2   0x08002dc2   0x00000002   PAD
    0x08002dc4   0x08002dc4   0x00000058   Code   RO          229    i.MX_ADC3_Init      main.o
    0x08002e1c   0x08002e1c   0x00000208   Code   RO          230    i.MX_GPIO_Init      main.o
    0x08003024   0x08003024   0x00000050   Code   RO          231    i.MX_I2C2_Init      main.o
    0x08003074   0x08003074   0x00000048   Code   RO          232    i.MX_SPI1_Init      main.o
    0x080030bc   0x080030bc   0x00000048   Code   RO          233    i.MX_SPI4_Init      main.o
    0x08003104   0x08003104   0x00000068   Code   RO          234    i.MX_TIM10_Init     main.o
    0x0800316c   0x0800316c   0x00000064   Code   RO          235    i.MX_TIM11_Init     main.o
    0x080031d0   0x080031d0   0x00000078   Code   RO          236    i.MX_TIM12_Init     main.o
    0x08003248   0x08003248   0x0000005c   Code   RO          237    i.MX_TIM14_Init     main.o
    0x080032a4   0x080032a4   0x00000078   Code   RO          238    i.MX_TIM1_Init      main.o
    0x0800331c   0x0800331c   0x0000005c   Code   RO          239    i.MX_TIM2_Init      main.o
    0x08003378   0x08003378   0x00000060   Code   RO          240    i.MX_TIM3_Init      main.o
    0x080033d8   0x080033d8   0x0000005c   Code   RO          241    i.MX_TIM4_Init      main.o
    0x08003434   0x08003434   0x00000074   Code   RO          242    i.MX_TIM5_Init      main.o
    0x080034a8   0x080034a8   0x0000003c   Code   RO          243    i.MX_TIM6_Init      main.o
    0x080034e4   0x080034e4   0x0000003c   Code   RO          244    i.MX_TIM7_Init      main.o
    0x08003520   0x08003520   0x00000078   Code   RO          245    i.MX_TIM8_Init      main.o
    0x08003598   0x08003598   0x0000007c   Code   RO          246    i.MX_TIM9_Init      main.o
    0x08003614   0x08003614   0x00000038   Code   RO          247    i.MX_UART7_Init     main.o
    0x0800364c   0x0800364c   0x00000002   Code   RO          446    i.MemManage_Handler  stm32f7xx_it.o
    0x0800364e   0x0800364e   0x00000002   Code   RO          447    i.NMI_Handler       stm32f7xx_it.o
    0x08003650   0x08003650   0x00000022   Code   RO          967    i.NVIC_SetPriority  stm32f7xx_hal_cortex.o
    0x08003672   0x08003672   0x00000002   PAD
    0x08003674   0x08003674   0x000000e0   Code   RO          253    i.PID               main.o
    0x08003754   0x08003754   0x00000002   Code   RO          448    i.PendSV_Handler    stm32f7xx_it.o
    0x08003756   0x08003756   0x00000002   Code   RO          449    i.SVC_Handler       stm32f7xx_it.o
    0x08003758   0x08003758   0x0000002c   Code   RO          255    i.Set_PWM           main.o
    0x08003784   0x08003784   0x0000000e   Code   RO          450    i.SysTick_Handler   stm32f7xx_it.o
    0x08003792   0x08003792   0x00000002   PAD
    0x08003794   0x08003794   0x000000b8   Code   RO          256    i.SystemClock_Config  main.o
    0x0800384c   0x0800384c   0x00000054   Code   RO         4024    i.SystemInit        system_stm32f7xx.o
    0x080038a0   0x080038a0   0x0000000c   Code   RO          451    i.TIM6_DAC_IRQHandler  stm32f7xx_it.o
    0x080038ac   0x080038ac   0x0000000c   Code   RO          452    i.TIM7_IRQHandler   stm32f7xx_it.o
    0x080038b8   0x080038b8   0x0000001c   Code   RO          453    i.TIM8_UP_TIM13_IRQHandler  stm32f7xx_it.o
    0x080038d4   0x080038d4   0x000000cc   Code   RO         1955    i.TIM_Base_SetConfig  stm32f7xx_hal_tim.o
    0x080039a0   0x080039a0   0x00000016   Code   RO         1956    i.TIM_CCxChannelCmd  stm32f7xx_hal_tim.o
    0x080039b6   0x080039b6   0x00000012   Code   RO         1962    i.TIM_ETR_SetConfig  stm32f7xx_hal_tim.o
    0x080039c8   0x080039c8   0x00000010   Code   RO         1963    i.TIM_ITRx_SetConfig  stm32f7xx_hal_tim.o
    0x080039d8   0x080039d8   0x00000068   Code   RO         1964    i.TIM_OC1_SetConfig  stm32f7xx_hal_tim.o
    0x08003a40   0x08003a40   0x0000006c   Code   RO         1965    i.TIM_OC2_SetConfig  stm32f7xx_hal_tim.o
    0x08003aac   0x08003aac   0x0000006c   Code   RO         1966    i.TIM_OC3_SetConfig  stm32f7xx_hal_tim.o
    0x08003b18   0x08003b18   0x00000058   Code   RO         1967    i.TIM_OC4_SetConfig  stm32f7xx_hal_tim.o
    0x08003b70   0x08003b70   0x00000058   Code   RO         2544    i.TIM_OC5_SetConfig  stm32f7xx_hal_tim_ex.o
    0x08003bc8   0x08003bc8   0x00000058   Code   RO         2545    i.TIM_OC6_SetConfig  stm32f7xx_hal_tim_ex.o
    0x08003c20   0x08003c20   0x00000022   Code   RO         1969    i.TIM_TI1_ConfigInputStage  stm32f7xx_hal_tim.o
    0x08003c42   0x08003c42   0x00000002   PAD
    0x08003c44   0x08003c44   0x00000080   Code   RO         1970    i.TIM_TI1_SetConfig  stm32f7xx_hal_tim.o
    0x08003cc4   0x08003cc4   0x00000024   Code   RO         1971    i.TIM_TI2_ConfigInputStage  stm32f7xx_hal_tim.o
    0x08003ce8   0x08003ce8   0x00000036   Code   RO         1972    i.TIM_TI2_SetConfig  stm32f7xx_hal_tim.o
    0x08003d1e   0x08003d1e   0x00000002   PAD
    0x08003d20   0x08003d20   0x0000000c   Code   RO          454    i.UART7_IRQHandler  stm32f7xx_it.o
    0x08003d2c   0x08003d2c   0x000000c8   Code   RO         2808    i.UART_AdvFeatureConfig  stm32f7xx_hal_uart.o
    0x08003df4   0x08003df4   0x00000040   Code   RO         2809    i.UART_CheckIdleState  stm32f7xx_hal_uart.o
    0x08003e34   0x08003e34   0x00000014   Code   RO         2810    i.UART_DMAAbortOnError  stm32f7xx_hal_uart.o
    0x08003e48   0x08003e48   0x0000001c   Code   RO         2816    i.UART_EndRxTransfer  stm32f7xx_hal_uart.o
    0x08003e64   0x08003e64   0x00000078   Code   RO         2818    i.UART_Receive_IT   stm32f7xx_hal_uart.o
    0x08003edc   0x08003edc   0x00000258   Code   RO         2819    i.UART_SetConfig    stm32f7xx_hal_uart.o
    0x08004134   0x08004134   0x00000064   Code   RO         2820    i.UART_WaitOnFlagUntilTimeout  stm32f7xx_hal_uart.o
    0x08004198   0x08004198   0x00000002   Code   RO          455    i.UsageFault_Handler  stm32f7xx_it.o
    0x0800419a   0x0800419a   0x0000000e   Code   RO         4374    i.__scatterload_copy  mc_w.l(handlers.o)
    0x080041a8   0x080041a8   0x00000002   Code   RO         4375    i.__scatterload_null  mc_w.l(handlers.o)
    0x080041aa   0x080041aa   0x0000000e   Code   RO         4376    i.__scatterload_zeroinit  mc_w.l(handlers.o)
    0x080041b8   0x080041b8   0x00000230   Code   RO          258    i.main              main.o
    0x080043e8   0x080043e8   0x00000040   Code   RO          151    i.ssd1306_DrawPixel  ssd1306.o
    0x08004428   0x08004428   0x00000020   Code   RO          152    i.ssd1306_Fill      ssd1306.o
    0x08004448   0x08004448   0x000000d0   Code   RO          153    i.ssd1306_Init      ssd1306.o
    0x08004518   0x08004518   0x0000000c   Code   RO          154    i.ssd1306_SetCursor  ssd1306.o
    0x08004524   0x08004524   0x0000004c   Code   RO          155    i.ssd1306_UpdateScreen  ssd1306.o
    0x08004570   0x08004570   0x0000009c   Code   RO          156    i.ssd1306_WriteChar  ssd1306.o
    0x0800460c   0x0800460c   0x00000024   Code   RO          157    i.ssd1306_WriteCommand  ssd1306.o
    0x08004630   0x08004630   0x0000002c   Code   RO          158    i.ssd1306_WriteString  ssd1306.o
    0x0800465c   0x0800465c   0x0000076c   Data   RO           13    .constdata          fonts.o
    0x08004dc8   0x08004dc8   0x00000d5c   Data   RO           14    .constdata          fonts.o
    0x08005b24   0x08005b24   0x0000134c   Data   RO           15    .constdata          fonts.o
    0x08006e70   0x08006e70   0x00000010   Data   RO         4025    .constdata          system_stm32f7xx.o
    0x08006e80   0x08006e80   0x00000008   Data   RO         4026    .constdata          system_stm32f7xx.o
    0x08006e88   0x08006e88   0x00000020   Data   RO         4372    Region$$Table       anon$$obj.o


    Execution Region RW_IRAM1 (Exec base: 0x20000000, Load base: 0x08006ea8, Size: 0x00000dc8, Max: 0x00050000, ABSOLUTE)

    Exec Addr    Load Addr    Size         Type   Attr      Idx    E Section Name        Object

    0x20000000   0x08006ea8   0x00000008   Data   RW           16    .data               fonts.o
    0x20000008   0x08006eb0   0x00000008   Data   RW           17    .data               fonts.o
    0x20000010   0x08006eb8   0x00000008   Data   RW           18    .data               fonts.o
    0x20000018   0x08006ec0   0x00000006   Data   RW          160    .data               ssd1306.o
    0x2000001e   0x08006ec6   0x00000002   PAD
    0x20000020   0x08006ec8   0x0000004c   Data   RW          261    .data               main.o
    0x2000006c   0x08006f14   0x0000000c   Data   RW         3857    .data               stm32f7xx_hal.o
    0x20000078   0x08006f20   0x00000004   Data   RW         4027    .data               system_stm32f7xx.o
    0x2000007c        -       0x00000400   Zero   RW          159    .bss                ssd1306.o
    0x2000047c        -       0x0000054c   Zero   RW          259    .bss                main.o
    0x200009c8        -       0x00000400   Zero   RW            1    STACK               startup_stm32f746xx.o


==============================================================================

Image component sizes


      Code (inc. data)   RO Data    RW Data    ZI Data      Debug   Object Name

         0          0      10260         24          0     845878   fonts.o
      3454        362          0         76       1356      19740   main.o
       628         46          0          6       1024       6781   ssd1306.o
        36          8        456          0       1024        888   startup_stm32f746xx.o
       150         24          0         12          0       4049   stm32f7xx_hal.o
      1070         32          0          0          0       5490   stm32f7xx_hal_adc.o
         2          0          0          0          0       1001   stm32f7xx_hal_adc_ex.o
       228         12          0          0          0      37321   stm32f7xx_hal_cortex.o
        36          0          0          0          0       1247   stm32f7xx_hal_dma.o
       490         54          0          0          0       3229   stm32f7xx_hal_gpio.o
      1104         22          0          0          0      10023   stm32f7xx_hal_i2c.o
       172          0          0          0          0       1995   stm32f7xx_hal_i2c_ex.o
      1288        184          0          0          0       7725   stm32f7xx_hal_msp.o
       108          8          0          0          0       1288   stm32f7xx_hal_pwr_ex.o
      1296         70          0          0          0       5664   stm32f7xx_hal_rcc.o
      1276         16          0          0          0       2304   stm32f7xx_hal_rcc_ex.o
       196          0          0          0          0       1291   stm32f7xx_hal_spi.o
      2388        144          0          0          0      22083   stm32f7xx_hal_tim.o
       564         38          0          0          0       5042   stm32f7xx_hal_tim_ex.o
      1620         74          0          0          0      10084   stm32f7xx_hal_uart.o
       106         34          0          0          0       6633   stm32f7xx_it.o
        84         16         24          4          0       1267   system_stm32f7xx.o

    ----------------------------------------------------------------------
     16322       1144      10772        124       3404    1001023   Object Totals
         0          0         32          0          0          0   (incl. Generated)
        26          0          0          2          0          0   (incl. Padding)

    ----------------------------------------------------------------------

      Code (inc. data)   RO Data    RW Data    ZI Data      Debug   Library Member Name

         0          0          0          0          0          0   entry.o
         0          0          0          0          0          0   entry10a.o
         0          0          0          0          0          0   entry11a.o
         8          4          0          0          0          0   entry2.o
         4          0          0          0          0          0   entry5.o
         0          0          0          0          0          0   entry7b.o
         0          0          0          0          0          0   entry8b.o
         8          4          0          0          0          0   entry9a.o
        30          0          0          0          0          0   handlers.o
        36          8          0          0          0         68   init.o
         0          0          0          0          0          0   iusefp.o
        30          0          0          0          0         68   llshl.o
        36          0          0          0          0         68   llsshr.o
        32          0          0          0          0         68   llushr.o
        98          0          0          0          0         92   uldiv.o
        56          0          0          0          0         88   d2f.o
       334          0          0          0          0        148   dadd.o
       186          0          0          0          0        176   depilogue.o
       228          0          0          0          0         96   dmul.o
        38          0          0          0          0         68   f2d.o
       110          0          0          0          0        168   fepilogue.o

    ----------------------------------------------------------------------
      1234         16          0          0          0       1108   Library Totals
         0          0          0          0          0          0   (incl. Padding)

    ----------------------------------------------------------------------

      Code (inc. data)   RO Data    RW Data    ZI Data      Debug   Library Name

       282         16          0          0          0        364   mc_w.l
       952          0          0          0          0        744   mf_w.l

    ----------------------------------------------------------------------
      1234         16          0          0          0       1108   Library Totals

    ----------------------------------------------------------------------

==============================================================================


      Code (inc. data)   RO Data    RW Data    ZI Data      Debug   

     17556       1160      10772        124       3404     987819   Grand Totals
     17556       1160      10772        124       3404     987819   ELF Image Totals
     17556       1160      10772        124          0          0   ROM Totals

==============================================================================

    Total RO  Size (Code + RO Data)                28328 (  27.66kB)
    Total RW  Size (RW Data + ZI Data)              3528 (   3.45kB)
    Total ROM Size (Code + RO Data + RW Data)      28452 (  27.79kB)

==============================================================================

